test_changed_section_cannot_keep_an_obsolete_prefix_active (test_memory_native.NativeMemoryTests.test_changed_section_cannot_keep_an_obsolete_prefix_active) ... ok
test_changed_section_cannot_resolve_to_retained_quotations (test_memory_native.NativeMemoryTests.test_changed_section_cannot_resolve_to_retained_quotations) ... ok
test_concurrent_native_writes_do_not_lose_acknowledged_facts (test_memory_native.NativeMemoryTests.test_concurrent_native_writes_do_not_lose_acknowledged_facts) ... ok
test_conflict_retry_reports_the_same_outcome (test_memory_native.NativeMemoryTests.test_conflict_retry_reports_the_same_outcome) ... ok
test_correct_and_forget_exclude_retained_claims (test_memory_native.NativeMemoryTests.test_correct_and_forget_exclude_retained_claims) ... ok
test_correction_cannot_reactivate_forgotten_text (test_memory_native.NativeMemoryTests.test_correction_cannot_reactivate_forgotten_text) ... ok
test_correction_to_existing_hot_fact_keeps_one_reference (test_memory_native.NativeMemoryTests.test_correction_to_existing_hot_fact_keeps_one_reference) ... ok
test_crash_before_journal_cannot_leave_an_unknown_reservation (test_memory_native.NativeMemoryTests.test_crash_before_journal_cannot_leave_an_unknown_reservation) ... ok
test_hot_corpus_cache_preserves_changes_and_native_duplicate_normalization (test_memory_native.NativeMemoryTests.test_hot_corpus_cache_preserves_changes_and_native_duplicate_normalization) ... ok
test_hot_corpus_reuses_real_native_reads_and_respects_category_grants (test_memory_native.NativeMemoryTests.test_hot_corpus_reuses_real_native_reads_and_respects_category_grants) ... ok
test_hot_correction_validates_before_mutation (test_memory_native.NativeMemoryTests.test_hot_correction_validates_before_mutation) ... ok
test_hot_project_metadata_cannot_create_aliases (test_memory_native.NativeMemoryTests.test_hot_project_metadata_cannot_create_aliases) ... ok
test_interrupted_hot_edits_recover_their_audit_prefix (test_memory_native.NativeMemoryTests.test_interrupted_hot_edits_recover_their_audit_prefix) ... ok
test_interrupted_native_publication_recovers_before_retry (test_memory_native.NativeMemoryTests.test_interrupted_native_publication_recovers_before_retry) ... ok
test_invalid_hot_entry_is_not_reported_saved (test_memory_native.NativeMemoryTests.test_invalid_hot_entry_is_not_reported_saved) ... ok
test_native_child_holds_recovery_lock_after_parent_dies (test_memory_native.NativeMemoryTests.test_native_child_holds_recovery_lock_after_parent_dies) ... ok
test_native_ranking_uses_only_the_authorized_corpus (test_memory_native.NativeMemoryTests.test_native_ranking_uses_only_the_authorized_corpus) ... ok
test_native_write_and_recall_share_the_authoritative_record (test_memory_native.NativeMemoryTests.test_native_write_and_recall_share_the_authoritative_record) ... ok
test_private_title_is_rejected_before_native_routing (test_memory_native.NativeMemoryTests.test_private_title_is_rejected_before_native_routing) ... ok
test_reader_cannot_write_and_project_grant_excludes_hot_memory (test_memory_native.NativeMemoryTests.test_reader_cannot_write_and_project_grant_excludes_hot_memory) ... ok
test_reference_binds_body_when_title_contains_the_same_text (test_memory_native.NativeMemoryTests.test_reference_binds_body_when_title_contains_the_same_text) ... ok
test_rejected_physical_user_boundary_is_explicit (test_memory_native.NativeMemoryTests.test_rejected_physical_user_boundary_is_explicit) ... ok
test_reordered_hot_entries_keep_their_saved_reference (test_memory_native.NativeMemoryTests.test_reordered_hot_entries_keep_their_saved_reference) ... ok
test_retry_is_idempotent_and_changed_request_is_rejected (test_memory_native.NativeMemoryTests.test_retry_is_idempotent_and_changed_request_is_rejected) ... ok
test_user_heading_does_not_act_as_a_native_append_boundary (test_memory_native.NativeMemoryTests.test_user_heading_does_not_act_as_a_native_append_boundary) ... ok
test_authorized_freshness_and_health_remain_visible (test_memory_delta.MemoryDeltaTests.test_authorized_freshness_and_health_remain_visible) ... ok
test_authorized_updates_and_native_heartbeat_still_surface (test_memory_delta.MemoryDeltaTests.test_authorized_updates_and_native_heartbeat_still_surface) ... ok
test_decoded_log_claims_are_filtered_without_changing_raw_evidence (test_memory_delta.MemoryDeltaTests.test_decoded_log_claims_are_filtered_without_changing_raw_evidence) ... ok
test_denied_turn_preserves_existing_native_state (test_memory_delta.MemoryDeltaTests.test_denied_turn_preserves_existing_native_state) ... ok
test_distinct_hot_capacity_finishes_within_registered_hook_timeout (test_memory_delta.MemoryDeltaTests.test_distinct_hot_capacity_finishes_within_registered_hook_timeout) ... ok
test_excluded_latest_health_does_not_replay_older_critical_warning (test_memory_delta.MemoryDeltaTests.test_excluded_latest_health_does_not_replay_older_critical_warning) ... ok
test_followup_delta_selects_samples_after_the_native_cursor (test_memory_delta.MemoryDeltaTests.test_followup_delta_selects_samples_after_the_native_cursor) ... ok
test_full_native_curation_rows_fit_the_connector_response_budget (test_memory_delta.MemoryDeltaTests.test_full_native_curation_rows_fit_the_connector_response_budget) ... ok
test_health_and_freshness_retained_text_is_filtered (test_memory_delta.MemoryDeltaTests.test_health_and_freshness_retained_text_is_filtered) ... ok
test_interrupted_hot_additions_restore_audit_and_do_not_surface (test_memory_delta.MemoryDeltaTests.test_interrupted_hot_additions_restore_audit_and_do_not_surface) ... ok
test_invalid_connector_cannot_fall_back_to_native_log (test_memory_delta.MemoryDeltaTests.test_invalid_connector_cannot_fall_back_to_native_log) ... ok
test_log_and_cache_redirects_cannot_read_configuration (test_memory_delta.MemoryDeltaTests.test_log_and_cache_redirects_cannot_read_configuration) ... ok
test_malformed_write_row_does_not_hide_later_current_updates (test_memory_delta.MemoryDeltaTests.test_malformed_write_row_does_not_hide_later_current_updates) ... ok
test_missing_context_does_not_consume_cursor_or_injection_state (test_memory_delta.MemoryDeltaTests.test_missing_context_does_not_consume_cursor_or_injection_state) ... ok
test_native_tail_window_finishes_within_registered_hook_timeout (test_memory_delta.MemoryDeltaTests.test_native_tail_window_finishes_within_registered_hook_timeout) ... ok
test_registered_composer_excludes_forgotten_log_claims_and_keeps_current_rows (test_memory_delta.MemoryDeltaTests.test_registered_composer_excludes_forgotten_log_claims_and_keeps_current_rows) ... ok
test_restricted_destination_cannot_read_unclassified_log (test_memory_delta.MemoryDeltaTests.test_restricted_destination_cannot_read_unclassified_log) ... ok
test_standalone_delta_excludes_superseded_log_claims (test_memory_delta.MemoryDeltaTests.test_standalone_delta_excludes_superseded_log_claims) ... ok
test_standalone_delta_refuses_missing_context (test_memory_delta.MemoryDeltaTests.test_standalone_delta_refuses_missing_context) ... ok
test_summary_projection_preserves_curation_counts_and_native_sample_order (test_memory_delta.MemoryDeltaTests.test_summary_projection_preserves_curation_counts_and_native_sample_order) ... ok
test_unknown_author_and_changed_participants_cannot_surface_private_status (test_memory_delta.MemoryDeltaTests.test_unknown_author_and_changed_participants_cannot_surface_private_status) ... ok
test_unmanaged_turn_start_keeps_native_log_behavior (test_memory_delta.MemoryDeltaTests.test_unmanaged_turn_start_keeps_native_log_behavior) ... ok
test_unregistered_log_additions_cannot_become_learning_samples (test_memory_delta.MemoryDeltaTests.test_unregistered_log_additions_cannot_become_learning_samples) ... ok
test_explicit_context_saves_preserve_source_session_and_retries (test_memory_delegation.MemoryDelegationTests.test_explicit_context_saves_preserve_source_session_and_retries) ... ok
test_missing_context_cannot_write_or_recall_private_memory (test_memory_delegation.MemoryDelegationTests.test_missing_context_cannot_write_or_recall_private_memory) ... ok
test_native_add_shares_reference_and_recall_with_the_service (test_memory_delegation.MemoryDelegationTests.test_native_add_shares_reference_and_recall_with_the_service) ... ok
test_native_full_curation_preserves_session_for_new_facts (test_memory_delegation.MemoryDelegationTests.test_native_full_curation_preserves_session_for_new_facts) ... ok
test_native_full_curation_saves_new_entries_after_its_own_read (test_memory_delegation.MemoryDelegationTests.test_native_full_curation_saves_new_entries_after_its_own_read) ... ok
test_native_functions_keep_their_unmanaged_behavior_without_a_connector (test_memory_delegation.MemoryDelegationTests.test_native_functions_keep_their_unmanaged_behavior_without_a_connector) ... ok
test_native_hot_additions_preserve_authenticated_source_session (test_memory_delegation.MemoryDelegationTests.test_native_hot_additions_preserve_authenticated_source_session) ... ok
test_native_loader_excludes_hot_memory_without_an_approved_context (test_memory_delegation.MemoryDelegationTests.test_native_loader_excludes_hot_memory_without_an_approved_context) ... ok
test_native_reviewer_excludes_a_recent_quote_of_a_forgotten_fact (test_memory_delegation.MemoryDelegationTests.test_native_reviewer_excludes_a_recent_quote_of_a_forgotten_fact) ... ok
test_native_reviewer_excludes_sources_that_predate_a_correction (test_memory_delegation.MemoryDelegationTests.test_native_reviewer_excludes_sources_that_predate_a_correction) ... ok
test_native_reviewer_snapshot_rejects_a_later_full_overwrite (test_memory_delegation.MemoryDelegationTests.test_native_reviewer_snapshot_rejects_a_later_full_overwrite) ... ok
test_project_only_reviewer_excludes_unlabeled_personal_history (test_memory_delegation.MemoryDelegationTests.test_project_only_reviewer_excludes_unlabeled_personal_history) ... ok
test_project_restriction_also_excludes_unlabeled_reviewer_history (test_memory_delegation.MemoryDelegationTests.test_project_restriction_also_excludes_unlabeled_reviewer_history) ... ok

----------------------------------------------------------------------
Ran 61 tests in 109.869s

OK
