test_explicit_context_saves_preserve_source_session_and_retries (test_memory_delegation.MemoryDelegationTests.test_explicit_context_saves_preserve_source_session_and_retries) ... ok
test_missing_context_cannot_write_or_recall_private_memory (test_memory_delegation.MemoryDelegationTests.test_missing_context_cannot_write_or_recall_private_memory) ... ok
test_native_add_shares_reference_and_recall_with_the_service (test_memory_delegation.MemoryDelegationTests.test_native_add_shares_reference_and_recall_with_the_service) ... ok
test_native_full_curation_preserves_session_for_new_facts (test_memory_delegation.MemoryDelegationTests.test_native_full_curation_preserves_session_for_new_facts) ... ok
test_native_full_curation_saves_new_entries_after_its_own_read (test_memory_delegation.MemoryDelegationTests.test_native_full_curation_saves_new_entries_after_its_own_read) ... ok
test_native_functions_keep_their_unmanaged_behavior_without_a_connector (test_memory_delegation.MemoryDelegationTests.test_native_functions_keep_their_unmanaged_behavior_without_a_connector) ... ok
test_native_hot_additions_preserve_authenticated_source_session (test_memory_delegation.MemoryDelegationTests.test_native_hot_additions_preserve_authenticated_source_session) ... ok
test_native_loader_excludes_hot_memory_without_an_approved_context (test_memory_delegation.MemoryDelegationTests.test_native_loader_excludes_hot_memory_without_an_approved_context) ... ok
test_native_reviewer_excludes_a_recent_quote_of_a_forgotten_fact (test_memory_delegation.MemoryDelegationTests.test_native_reviewer_excludes_a_recent_quote_of_a_forgotten_fact) ... ok
test_native_reviewer_excludes_sources_that_predate_a_correction (test_memory_delegation.MemoryDelegationTests.test_native_reviewer_excludes_sources_that_predate_a_correction) ... ok
test_native_reviewer_snapshot_rejects_a_later_full_overwrite (test_memory_delegation.MemoryDelegationTests.test_native_reviewer_snapshot_rejects_a_later_full_overwrite) ... ok
test_project_only_reviewer_excludes_unlabeled_personal_history (test_memory_delegation.MemoryDelegationTests.test_project_only_reviewer_excludes_unlabeled_personal_history) ... ok
test_project_restriction_also_excludes_unlabeled_reviewer_history (test_memory_delegation.MemoryDelegationTests.test_project_restriction_also_excludes_unlabeled_reviewer_history) ... ok
test_dangling_connector_refuses_native_decisions_and_recall (test_memory_proposal_delegation.MemoryProposalDelegationTests.test_dangling_connector_refuses_native_decisions_and_recall) ... ok
test_direct_native_decision_updates_the_managed_reference (test_memory_proposal_delegation.MemoryProposalDelegationTests.test_direct_native_decision_updates_the_managed_reference) ... ok
test_explicit_context_proposal_records_its_authenticated_source_session (test_memory_proposal_delegation.MemoryProposalDelegationTests.test_explicit_context_proposal_records_its_authenticated_source_session) ... ok
test_native_queue_read_and_decision_obey_revocation (test_memory_proposal_delegation.MemoryProposalDelegationTests.test_native_queue_read_and_decision_obey_revocation) ... ok
test_native_reviewer_auto_application_and_diversion_use_governed_decisions (test_memory_proposal_delegation.MemoryProposalDelegationTests.test_native_reviewer_auto_application_and_diversion_use_governed_decisions) ... ok
test_native_reviewer_does_not_infer_approval_from_a_creation_grant (test_memory_proposal_delegation.MemoryProposalDelegationTests.test_native_reviewer_does_not_infer_approval_from_a_creation_grant) ... ok
test_raw_native_writers_cannot_bypass_proposal_decisions (test_memory_proposal_delegation.MemoryProposalDelegationTests.test_raw_native_writers_cannot_bypass_proposal_decisions) ... ok
test_atomic_configuration_updates_preserve_revocation_and_other_changes (test_memory_service.MemoryServiceTests.test_atomic_configuration_updates_preserve_revocation_and_other_changes) ... ok
test_client_reads_the_same_native_fact_and_revocation_applies_immediately (test_memory_service.MemoryServiceTests.test_client_reads_the_same_native_fact_and_revocation_applies_immediately) ... ok
test_configuration_is_private_and_rejects_identity_write_enrollment (test_memory_service.MemoryServiceTests.test_configuration_is_private_and_rejects_identity_write_enrollment) ... ok
test_corrupt_metadata_is_reported_unavailable_by_status_and_reads (test_memory_service.MemoryServiceTests.test_corrupt_metadata_is_reported_unavailable_by_status_and_reads) ... ok
test_get_obeys_current_revision_and_category_grants (test_memory_service.MemoryServiceTests.test_get_obeys_current_revision_and_category_grants) ... ok
test_invalid_update_preserves_the_previous_configuration (test_memory_service.MemoryServiceTests.test_invalid_update_preserves_the_previous_configuration) ... ok
test_one_request_cannot_mix_a_grant_and_a_different_root (test_memory_service.MemoryServiceTests.test_one_request_cannot_mix_a_grant_and_a_different_root) ... ok
test_project_write_grant_cannot_change_principal_memory (test_memory_service.MemoryServiceTests.test_project_write_grant_cannot_change_principal_memory) ... ok
test_sharing_starts_disabled_and_caller_arguments_cannot_grant_access (test_memory_service.MemoryServiceTests.test_sharing_starts_disabled_and_caller_arguments_cannot_grant_access) ... ok
test_actual_agent_turn_commits_native_fact_and_reports_its_receipt (test_memory_agent.MemoryAgentTests.test_actual_agent_turn_commits_native_fact_and_reports_its_receipt) ... ok
test_actual_agent_turn_rejects_unknown_author_before_model_or_memory_calls (test_memory_agent.MemoryAgentTests.test_actual_agent_turn_rejects_unknown_author_before_model_or_memory_calls) ... ok
test_actual_correction_turn_refreshes_model_history_and_preserves_transcript (test_memory_agent.MemoryAgentTests.test_actual_correction_turn_refreshes_model_history_and_preserves_transcript) ... ok
test_actual_forget_turn_refreshes_model_history_and_preserves_transcript (test_memory_agent.MemoryAgentTests.test_actual_forget_turn_refreshes_model_history_and_preserves_transcript) ... ok
test_actual_native_recall_correction_turn_removes_cached_hook_context (test_memory_agent.MemoryAgentTests.test_actual_native_recall_correction_turn_removes_cached_hook_context) ... ok
test_actual_native_recall_forget_turn_removes_cached_hook_context (test_memory_agent.MemoryAgentTests.test_actual_native_recall_forget_turn_removes_cached_hook_context) ... ok

----------------------------------------------------------------------
Ran 35 tests in 50.673s

OK
