test_authorized_freshness_and_health_remain_visible (test_memory_delta.MemoryDeltaTests.test_authorized_freshness_and_health_remain_visible) ... ok
test_authorized_updates_and_native_heartbeat_still_surface (test_memory_delta.MemoryDeltaTests.test_authorized_updates_and_native_heartbeat_still_surface) ... ok
test_decoded_log_claims_are_filtered_without_changing_raw_evidence (test_memory_delta.MemoryDeltaTests.test_decoded_log_claims_are_filtered_without_changing_raw_evidence) ... ok
test_denied_turn_preserves_existing_native_state (test_memory_delta.MemoryDeltaTests.test_denied_turn_preserves_existing_native_state) ... ok
test_distinct_hot_capacity_finishes_within_registered_hook_timeout (test_memory_delta.MemoryDeltaTests.test_distinct_hot_capacity_finishes_within_registered_hook_timeout) ... ok
test_excluded_latest_health_does_not_replay_older_critical_warning (test_memory_delta.MemoryDeltaTests.test_excluded_latest_health_does_not_replay_older_critical_warning) ... ok
test_followup_delta_selects_samples_after_the_native_cursor (test_memory_delta.MemoryDeltaTests.test_followup_delta_selects_samples_after_the_native_cursor) ... ok
test_full_native_curation_rows_fit_the_connector_response_budget (test_memory_delta.MemoryDeltaTests.test_full_native_curation_rows_fit_the_connector_response_budget) ... ok
test_health_and_freshness_retained_text_is_filtered (test_memory_delta.MemoryDeltaTests.test_health_and_freshness_retained_text_is_filtered) ... ok
test_interrupted_hot_additions_restore_audit_and_do_not_surface (test_memory_delta.MemoryDeltaTests.test_interrupted_hot_additions_restore_audit_and_do_not_surface) ... ok
test_invalid_connector_cannot_fall_back_to_native_log (test_memory_delta.MemoryDeltaTests.test_invalid_connector_cannot_fall_back_to_native_log) ... ok
test_log_and_cache_redirects_cannot_read_configuration (test_memory_delta.MemoryDeltaTests.test_log_and_cache_redirects_cannot_read_configuration) ... ok
test_malformed_write_row_does_not_hide_later_current_updates (test_memory_delta.MemoryDeltaTests.test_malformed_write_row_does_not_hide_later_current_updates) ... ok
test_missing_context_does_not_consume_cursor_or_injection_state (test_memory_delta.MemoryDeltaTests.test_missing_context_does_not_consume_cursor_or_injection_state) ... ok
test_native_tail_window_finishes_within_registered_hook_timeout (test_memory_delta.MemoryDeltaTests.test_native_tail_window_finishes_within_registered_hook_timeout) ... ok
test_registered_composer_excludes_forgotten_log_claims_and_keeps_current_rows (test_memory_delta.MemoryDeltaTests.test_registered_composer_excludes_forgotten_log_claims_and_keeps_current_rows) ... ok
test_restricted_destination_cannot_read_unclassified_log (test_memory_delta.MemoryDeltaTests.test_restricted_destination_cannot_read_unclassified_log) ... ok
test_standalone_delta_excludes_superseded_log_claims (test_memory_delta.MemoryDeltaTests.test_standalone_delta_excludes_superseded_log_claims) ... ok
test_standalone_delta_refuses_missing_context (test_memory_delta.MemoryDeltaTests.test_standalone_delta_refuses_missing_context) ... ok
test_summary_projection_preserves_curation_counts_and_native_sample_order (test_memory_delta.MemoryDeltaTests.test_summary_projection_preserves_curation_counts_and_native_sample_order) ... ok
test_unknown_author_and_changed_participants_cannot_surface_private_status (test_memory_delta.MemoryDeltaTests.test_unknown_author_and_changed_participants_cannot_surface_private_status) ... ok
test_unmanaged_turn_start_keeps_native_log_behavior (test_memory_delta.MemoryDeltaTests.test_unmanaged_turn_start_keeps_native_log_behavior) ... ok
test_unregistered_log_additions_cannot_become_learning_samples (test_memory_delta.MemoryDeltaTests.test_unregistered_log_additions_cannot_become_learning_samples) ... ok

----------------------------------------------------------------------
Ran 23 tests in 55.558s

OK
