{
  "delta": [
    {
      "control_label": false,
      "receipt": {
        "status": "committed",
        "reference": {
          "id": "d3cb6bbdc7964bcd8322806b7fe04629",
          "revision": 1
        },
        "source": {
          "kind": "explicit",
          "session": ""
        },
        "writer": "local:owner",
        "request_id": "saved"
      },
      "original_log": "{\"ts\":\"2026-10-01T12:20:02.585Z\",\"file\":\"LIFEOS/USER/PRINCIPAL/PRINCIPAL_MEMORY.md\",\"updated_by\":\"local:owner\",\"rejected\":false,\"prior_count\":0,\"new_count\":1,\"accepted\":1,\"dropped_malformed\":0,\"dropped_overlength\":0,\"dropped_duplicates\":0,\"evictions\":[],\"additions\":[\"RULE: Synthetic current delta review marker\"]}\n",
      "observed_log": "{\"ts\":\"2026-10-01T12:20:02.585Z\",\"file\":\"LIFEOS/USER/PRINCIPAL/PRINCIPAL_MEMORY.md\",\"updated_by\":\"local:owner\",\"rejected\":false,\"prior_count\":0,\"new_count\":1,\"accepted\":1,\"dropped_malformed\":0,\"dropped_overlength\":0,\"dropped_duplicates\":0,\"evictions\":[],\"additions\":[\"RULE: Synthetic current delta review marker\"]}\n",
      "output": "<lifeos-memory>\n## PRINCIPAL MEMORY [1/48 entries \u00b7 43/12288 chars]\nRULE: Synthetic current delta review marker\n\n## DA MEMORY [0/48 entries \u00b7 0/12288 chars]\n(no entries yet)\n</lifeos-memory>\n<lifeos-memory-delta>\nMemory status from the autonomic loop (computed deterministically by MemoryDeltaSurface.hook.ts). Render this line VERBATIM in your response as the \ud83e\udde0 MEMORY line of the output format, exactly once. Do not recompute or rephrase it:\n\ud83e\udde0 MEMORY: freshness: no data \u00b7 no curation runs yet\n</lifeos-memory-delta>\n",
      "learned_present": false
    },
    {
      "control_label": true,
      "receipt": {
        "status": "committed",
        "reference": {
          "id": "543bf0d5d92f4e7ebb3c05f5d5291a9e",
          "revision": 1
        },
        "source": {
          "kind": "explicit",
          "session": ""
        },
        "writer": "local:owner",
        "request_id": "saved"
      },
      "original_log": "{\"ts\":\"2026-10-01T12:20:04.230Z\",\"file\":\"LIFEOS/USER/PRINCIPAL/PRINCIPAL_MEMORY.md\",\"updated_by\":\"local:owner\",\"rejected\":false,\"prior_count\":0,\"new_count\":1,\"accepted\":1,\"dropped_malformed\":0,\"dropped_overlength\":0,\"dropped_duplicates\":0,\"evictions\":[],\"additions\":[\"RULE: Synthetic current delta review marker\"]}\n",
      "observed_log": "{\"ts\": \"2026-10-01T12:20:04.230Z\", \"file\": \"LIFEOS/USER/PRINCIPAL/PRINCIPAL_MEMORY.md\", \"updated_by\": \"MemorySystem.add\", \"rejected\": false, \"prior_count\": 0, \"new_count\": 1, \"accepted\": 1, \"dropped_malformed\": 0, \"dropped_overlength\": 0, \"dropped_duplicates\": 0, \"evictions\": [], \"additions\": [\"RULE: Synthetic current delta review marker\"]}\n",
      "output": "<lifeos-memory>\n## PRINCIPAL MEMORY [1/48 entries \u00b7 43/12288 chars]\nRULE: Synthetic current delta review marker\n\n## DA MEMORY [0/48 entries \u00b7 0/12288 chars]\n(no entries yet)\n</lifeos-memory>\n<lifeos-memory-delta>\nMemory status from the autonomic loop (computed deterministically by MemoryDeltaSurface.hook.ts). Render this line VERBATIM in your response as the \ud83e\udde0 MEMORY line of the output format, exactly once. Do not recompute or rephrase it:\n\ud83e\udde0 MEMORY: +1 learned \u2014 \"principal: RULE: Synthetic current delta review marker\" \u00b7 freshness: no data\n</lifeos-memory-delta>\n",
      "learned_present": true
    }
  ],
  "write_only_mutations": [
    {
      "operation": "correct",
      "read_grant": [],
      "write_grant": [
        "assistant",
        "principal",
        "project"
      ],
      "receipt": {
        "status": "committed",
        "reference": {
          "id": "dc7eb9a6deed43fdabaecb660d2fc828",
          "revision": 1
        },
        "supersedes": {
          "id": "f00d0b3ff8894ff48622191f935f6cb2",
          "revision": 1
        },
        "writer": "synthetic:blind-writer",
        "request_id": "blind-correct"
      },
      "before": "---\nlast_updated_by: local:owner\nlast_updated: 2026-10-01T12:20:06.431Z\n---\n<!-- BEGIN ENTRIES -->\nRULE: Synthetic write-only target\nRULE: Synthetic neighboring private fact\n<!-- END ENTRIES -->\n",
      "after": "---\nlast_updated_by: synthetic:blind-writer\nlast_updated: 2026-10-01T12:20:06.797Z\n---\n<!-- BEGIN ENTRIES -->\nRULE: Synthetic blind replacement\nRULE: Synthetic neighboring private fact\n<!-- END ENTRIES -->\n"
    },
    {
      "operation": "forget",
      "read_grant": [],
      "write_grant": [
        "assistant",
        "principal",
        "project"
      ],
      "receipt": {
        "status": "committed",
        "reference": {
          "id": "6717516f6e334e34af665eba788f4da2",
          "revision": 2
        },
        "retained": [
          "native history",
          "audit evidence",
          "backups",
          "conversation history",
          "development logs"
        ],
        "writer": "synthetic:blind-writer",
        "request_id": "blind-forget"
      },
      "before": "---\nlast_updated_by: local:owner\nlast_updated: 2026-10-01T12:20:08.127Z\n---\n<!-- BEGIN ENTRIES -->\nRULE: Synthetic write-only target\nRULE: Synthetic neighboring private fact\n<!-- END ENTRIES -->\n",
      "after": "---\nlast_updated_by: synthetic:blind-writer\nlast_updated: 2026-10-01T12:20:08.411Z\n---\n<!-- BEGIN ENTRIES -->\nRULE: Synthetic neighboring private fact\n<!-- END ENTRIES -->\n"
    }
  ]
}
