test_missing_context_cannot_write_or_recall_private_memory (test_memory_delegation.MemoryDelegationTests.test_missing_context_cannot_write_or_recall_private_memory) ... ok
test_native_add_shares_reference_and_recall_with_the_service (test_memory_delegation.MemoryDelegationTests.test_native_add_shares_reference_and_recall_with_the_service) ... ok
test_native_full_curation_saves_new_entries_after_its_own_read (test_memory_delegation.MemoryDelegationTests.test_native_full_curation_saves_new_entries_after_its_own_read) ... ok
test_native_functions_keep_their_unmanaged_behavior_without_a_connector (test_memory_delegation.MemoryDelegationTests.test_native_functions_keep_their_unmanaged_behavior_without_a_connector) ... ok
test_native_hot_additions_preserve_authenticated_source_session (test_memory_delegation.MemoryDelegationTests.test_native_hot_additions_preserve_authenticated_source_session) ... ok
test_native_loader_excludes_hot_memory_without_an_approved_context (test_memory_delegation.MemoryDelegationTests.test_native_loader_excludes_hot_memory_without_an_approved_context) ... ok
test_native_reviewer_excludes_a_recent_quote_of_a_forgotten_fact (test_memory_delegation.MemoryDelegationTests.test_native_reviewer_excludes_a_recent_quote_of_a_forgotten_fact) ... ok
test_native_reviewer_excludes_sources_that_predate_a_correction (test_memory_delegation.MemoryDelegationTests.test_native_reviewer_excludes_sources_that_predate_a_correction) ... ok
test_native_reviewer_snapshot_rejects_a_later_full_overwrite (test_memory_delegation.MemoryDelegationTests.test_native_reviewer_snapshot_rejects_a_later_full_overwrite) ... ok
test_project_only_reviewer_excludes_unlabeled_personal_history (test_memory_delegation.MemoryDelegationTests.test_project_only_reviewer_excludes_unlabeled_personal_history) ... ok
test_project_restriction_also_excludes_unlabeled_reviewer_history (test_memory_delegation.MemoryDelegationTests.test_project_restriction_also_excludes_unlabeled_reviewer_history) ... ok
test_direct_native_set_cannot_silently_drop_invalid_replacements (test_memory_curation.MemoryCurationTests.test_direct_native_set_cannot_silently_drop_invalid_replacements) ... ok
test_explicit_hot_remember_requires_read_and_write_grants (test_memory_curation.MemoryCurationTests.test_explicit_hot_remember_requires_read_and_write_grants) ... ok
test_explicit_remember_after_adoption_preserves_native_refs_and_provenance (test_memory_curation.MemoryCurationTests.test_explicit_remember_after_adoption_preserves_native_refs_and_provenance) ... ok
test_explicit_remember_refuses_out_of_band_addition_and_changed_record (test_memory_curation.MemoryCurationTests.test_explicit_remember_refuses_out_of_band_addition_and_changed_record) ... ok
test_explicit_remember_refuses_unadopted_hot_entries_without_changing_bytes (test_memory_curation.MemoryCurationTests.test_explicit_remember_refuses_unadopted_hot_entries_without_changing_bytes) ... ok
test_forgotten_fact_cannot_return_with_changed_prefix_or_provenance (test_memory_curation.MemoryCurationTests.test_forgotten_fact_cannot_return_with_changed_prefix_or_provenance) ... ok
test_hot_mutations_refuse_neighbor_drift_without_retiring_records (test_memory_curation.MemoryCurationTests.test_hot_mutations_refuse_neighbor_drift_without_retiring_records) ... ok
test_native_add_and_full_curation_preserve_current_references (test_memory_curation.MemoryCurationTests.test_native_add_and_full_curation_preserve_current_references) ... ok
test_stale_native_reviewer_cannot_overwrite_an_acknowledged_fact (test_memory_curation.MemoryCurationTests.test_stale_native_reviewer_cannot_overwrite_an_acknowledged_fact) ... ok

----------------------------------------------------------------------
Ran 20 tests in 30.327s

OK
