test_authorized_freshness_and_health_remain_visible (test_memory_delta.MemoryDeltaTests.test_authorized_freshness_and_health_remain_visible) ... ok
test_authorized_updates_and_native_heartbeat_still_surface (test_memory_delta.MemoryDeltaTests.test_authorized_updates_and_native_heartbeat_still_surface) ... ok
test_decoded_log_claims_are_filtered_without_changing_raw_evidence (test_memory_delta.MemoryDeltaTests.test_decoded_log_claims_are_filtered_without_changing_raw_evidence) ... ok
test_denied_turn_preserves_existing_native_state (test_memory_delta.MemoryDeltaTests.test_denied_turn_preserves_existing_native_state) ... ok
test_excluded_latest_health_does_not_replay_older_critical_warning (test_memory_delta.MemoryDeltaTests.test_excluded_latest_health_does_not_replay_older_critical_warning) ... ok
test_followup_delta_selects_samples_after_the_native_cursor (test_memory_delta.MemoryDeltaTests.test_followup_delta_selects_samples_after_the_native_cursor) ... ok
test_full_native_curation_rows_fit_the_connector_response_budget (test_memory_delta.MemoryDeltaTests.test_full_native_curation_rows_fit_the_connector_response_budget) ... ok
test_health_and_freshness_retained_text_is_filtered (test_memory_delta.MemoryDeltaTests.test_health_and_freshness_retained_text_is_filtered) ... ok
test_interrupted_hot_additions_restore_audit_and_do_not_surface (test_memory_delta.MemoryDeltaTests.test_interrupted_hot_additions_restore_audit_and_do_not_surface) ... ok
test_invalid_connector_cannot_fall_back_to_native_log (test_memory_delta.MemoryDeltaTests.test_invalid_connector_cannot_fall_back_to_native_log) ... ok
test_log_and_cache_redirects_cannot_read_configuration (test_memory_delta.MemoryDeltaTests.test_log_and_cache_redirects_cannot_read_configuration) ... ok
test_malformed_write_row_does_not_hide_later_current_updates (test_memory_delta.MemoryDeltaTests.test_malformed_write_row_does_not_hide_later_current_updates) ... ok
test_missing_context_does_not_consume_cursor_or_injection_state (test_memory_delta.MemoryDeltaTests.test_missing_context_does_not_consume_cursor_or_injection_state) ... ok
test_native_tail_window_finishes_within_registered_hook_timeout (test_memory_delta.MemoryDeltaTests.test_native_tail_window_finishes_within_registered_hook_timeout) ... ok
test_registered_composer_excludes_forgotten_log_claims_and_keeps_current_rows (test_memory_delta.MemoryDeltaTests.test_registered_composer_excludes_forgotten_log_claims_and_keeps_current_rows) ... ok
test_restricted_destination_cannot_read_unclassified_log (test_memory_delta.MemoryDeltaTests.test_restricted_destination_cannot_read_unclassified_log) ... ok
test_standalone_delta_excludes_superseded_log_claims (test_memory_delta.MemoryDeltaTests.test_standalone_delta_excludes_superseded_log_claims) ... ok
test_standalone_delta_refuses_missing_context (test_memory_delta.MemoryDeltaTests.test_standalone_delta_refuses_missing_context) ... ok
test_summary_projection_preserves_curation_counts_and_native_sample_order (test_memory_delta.MemoryDeltaTests.test_summary_projection_preserves_curation_counts_and_native_sample_order) ... ok
test_unknown_author_and_changed_participants_cannot_surface_private_status (test_memory_delta.MemoryDeltaTests.test_unknown_author_and_changed_participants_cannot_surface_private_status) ... ok
test_unmanaged_turn_start_keeps_native_log_behavior (test_memory_delta.MemoryDeltaTests.test_unmanaged_turn_start_keeps_native_log_behavior) ... ok
test_unregistered_log_additions_cannot_become_learning_samples (test_memory_delta.MemoryDeltaTests.test_unregistered_log_additions_cannot_become_learning_samples) ... ok
test_direct_native_set_cannot_silently_drop_invalid_replacements (test_memory_curation.MemoryCurationTests.test_direct_native_set_cannot_silently_drop_invalid_replacements) ... ok
test_explicit_hot_remember_requires_read_and_write_grants (test_memory_curation.MemoryCurationTests.test_explicit_hot_remember_requires_read_and_write_grants) ... ok
test_explicit_remember_after_adoption_preserves_native_refs_and_provenance (test_memory_curation.MemoryCurationTests.test_explicit_remember_after_adoption_preserves_native_refs_and_provenance) ... ok
test_explicit_remember_refuses_out_of_band_addition_and_changed_record (test_memory_curation.MemoryCurationTests.test_explicit_remember_refuses_out_of_band_addition_and_changed_record) ... ok
test_explicit_remember_refuses_unadopted_hot_entries_without_changing_bytes (test_memory_curation.MemoryCurationTests.test_explicit_remember_refuses_unadopted_hot_entries_without_changing_bytes) ... ok
test_forgotten_fact_cannot_return_with_changed_prefix_or_provenance (test_memory_curation.MemoryCurationTests.test_forgotten_fact_cannot_return_with_changed_prefix_or_provenance) ... ok
test_hot_mutations_refuse_neighbor_drift_without_retiring_records (test_memory_curation.MemoryCurationTests.test_hot_mutations_refuse_neighbor_drift_without_retiring_records) ... ok
test_hot_publication_refuses_an_audit_log_redirect (test_memory_curation.MemoryCurationTests.test_hot_publication_refuses_an_audit_log_redirect) ... ok
test_native_add_and_full_curation_preserve_current_references (test_memory_curation.MemoryCurationTests.test_native_add_and_full_curation_preserve_current_references) ... ok
test_stale_native_reviewer_cannot_overwrite_an_acknowledged_fact (test_memory_curation.MemoryCurationTests.test_stale_native_reviewer_cannot_overwrite_an_acknowledged_fact) ... ok
test_changed_section_cannot_keep_an_obsolete_prefix_active (test_memory_native.NativeMemoryTests.test_changed_section_cannot_keep_an_obsolete_prefix_active) ... ok
test_changed_section_cannot_resolve_to_retained_quotations (test_memory_native.NativeMemoryTests.test_changed_section_cannot_resolve_to_retained_quotations) ... ok
test_concurrent_native_writes_do_not_lose_acknowledged_facts (test_memory_native.NativeMemoryTests.test_concurrent_native_writes_do_not_lose_acknowledged_facts) ... ok
test_conflict_retry_reports_the_same_outcome (test_memory_native.NativeMemoryTests.test_conflict_retry_reports_the_same_outcome) ... ok
test_correct_and_forget_exclude_retained_claims (test_memory_native.NativeMemoryTests.test_correct_and_forget_exclude_retained_claims) ... ok
test_correction_cannot_reactivate_forgotten_text (test_memory_native.NativeMemoryTests.test_correction_cannot_reactivate_forgotten_text) ... ok
test_correction_to_existing_hot_fact_keeps_one_reference (test_memory_native.NativeMemoryTests.test_correction_to_existing_hot_fact_keeps_one_reference) ... ok
test_crash_before_journal_cannot_leave_an_unknown_reservation (test_memory_native.NativeMemoryTests.test_crash_before_journal_cannot_leave_an_unknown_reservation) ... ok
test_hot_correction_validates_before_mutation (test_memory_native.NativeMemoryTests.test_hot_correction_validates_before_mutation) ... ok
test_hot_project_metadata_cannot_create_aliases (test_memory_native.NativeMemoryTests.test_hot_project_metadata_cannot_create_aliases) ... ok
test_interrupted_native_publication_recovers_before_retry (test_memory_native.NativeMemoryTests.test_interrupted_native_publication_recovers_before_retry) ... ok
test_invalid_hot_entry_is_not_reported_saved (test_memory_native.NativeMemoryTests.test_invalid_hot_entry_is_not_reported_saved) ... ok
test_native_child_holds_recovery_lock_after_parent_dies (test_memory_native.NativeMemoryTests.test_native_child_holds_recovery_lock_after_parent_dies) ... ok
test_native_ranking_uses_only_the_authorized_corpus (test_memory_native.NativeMemoryTests.test_native_ranking_uses_only_the_authorized_corpus) ... ok
test_native_write_and_recall_share_the_authoritative_record (test_memory_native.NativeMemoryTests.test_native_write_and_recall_share_the_authoritative_record) ... ok
test_private_title_is_rejected_before_native_routing (test_memory_native.NativeMemoryTests.test_private_title_is_rejected_before_native_routing) ... ok
test_reader_cannot_write_and_project_grant_excludes_hot_memory (test_memory_native.NativeMemoryTests.test_reader_cannot_write_and_project_grant_excludes_hot_memory) ... ok
test_reference_binds_body_when_title_contains_the_same_text (test_memory_native.NativeMemoryTests.test_reference_binds_body_when_title_contains_the_same_text) ... ok
test_rejected_physical_user_boundary_is_explicit (test_memory_native.NativeMemoryTests.test_rejected_physical_user_boundary_is_explicit) ... ok
test_reordered_hot_entries_keep_their_saved_reference (test_memory_native.NativeMemoryTests.test_reordered_hot_entries_keep_their_saved_reference) ... ok
test_retry_is_idempotent_and_changed_request_is_rejected (test_memory_native.NativeMemoryTests.test_retry_is_idempotent_and_changed_request_is_rejected) ... ok
test_user_heading_does_not_act_as_a_native_append_boundary (test_memory_native.NativeMemoryTests.test_user_heading_does_not_act_as_a_native_append_boundary) ... ok
test_denied_correct_and_forget_do_not_read_category_or_project_sources (test_memory_authorization.MemoryAuthorizationTests.test_denied_correct_and_forget_do_not_read_category_or_project_sources) ... ok
test_hot_correct_and_forget_require_read_before_opening_the_whole_file (test_memory_authorization.MemoryAuthorizationTests.test_hot_correct_and_forget_require_read_before_opening_the_whole_file) ... ok
test_stale_correct_and_forget_do_not_read_sources_before_refusal (test_memory_authorization.MemoryAuthorizationTests.test_stale_correct_and_forget_do_not_read_sources_before_refusal) ... ok

----------------------------------------------------------------------
Ran 57 tests in 99.706s

OK
