test_changed_installed_root_alias_refuses_recovery_before_any_restart (test_profile_services.ProfileServicesTests.test_changed_installed_root_alias_refuses_recovery_before_any_restart) ... ok
test_changed_service_definition_refuses_before_any_restart (test_profile_services.ProfileServicesTests.test_changed_service_definition_refuses_before_any_restart) ... ok
test_definition_change_during_drain_preserves_the_remaining_live_services (test_profile_services.ProfileServicesTests.test_definition_change_during_drain_preserves_the_remaining_live_services) ... ok
test_drain_stops_all_actual_writers_and_resume_restarts_the_selected_units (test_profile_services.ProfileServicesTests.test_drain_stops_all_actual_writers_and_resume_restarts_the_selected_units) ... ERROR
test_external_service_restart_invalidates_the_stopped_writer_barrier (test_profile_services.ProfileServicesTests.test_external_service_restart_invalidates_the_stopped_writer_barrier) ... ok
test_fixed_installed_root_alias_drains_the_same_physical_services (test_profile_services.ProfileServicesTests.test_fixed_installed_root_alias_drains_the_same_physical_services) ... ok
test_invalid_service_binding_values_refuse_without_stopping_units (test_profile_services.ProfileServicesTests.test_invalid_service_binding_values_refuse_without_stopping_units) ... ok
test_process_exit_after_first_restart_resumes_the_original_service_selection (test_profile_services.ProfileServicesTests.test_process_exit_after_first_restart_resumes_the_original_service_selection) ... ERROR
test_process_exit_after_first_restart_resumes_the_original_service_selection (test_profile_services.ProfileServicesTests.test_process_exit_after_first_restart_resumes_the_original_service_selection) ... FAIL
test_process_exit_after_one_stop_retains_original_service_state_for_recovery (test_profile_services.ProfileServicesTests.test_process_exit_after_one_stop_retains_original_service_state_for_recovery) ... ok
test_recovery_preserves_an_originally_inactive_service (test_profile_services.ProfileServicesTests.test_recovery_preserves_an_originally_inactive_service) ... ok
test_recovery_quiesces_restarted_services_without_losing_original_selection (test_profile_services.ProfileServicesTests.test_recovery_quiesces_restarted_services_without_losing_original_selection) ... ERROR
test_reviewed_service_state_refuses_a_change_before_any_stop (test_profile_services.ProfileServicesTests.test_reviewed_service_state_refuses_a_change_before_any_stop) ... ok
test_unit_from_another_profile_refuses_before_any_writer_stops (test_profile_services.ProfileServicesTests.test_unit_from_another_profile_refuses_before_any_writer_stops) ... ok

======================================================================
ERROR: test_drain_stops_all_actual_writers_and_resume_restarts_the_selected_units (test_profile_services.ProfileServicesTests.test_drain_stops_all_actual_writers_and_resume_restarts_the_selected_units)
----------------------------------------------------------------------
Traceback (most recent call last):
  File "/home/outsider/Projects/Hermes_agent/LifeOS_plugin/tests/test_profile_services.py", line 98, in test_drain_stops_all_actual_writers_and_resume_restarts_the_selected_units
    restarted = self.barrier().resume()
  File "/home/outsider/Projects/Hermes_agent/LifeOS_plugin/lifeos_hook_bridge/profile_services.py", line 281, in resume
    self._check_definition(document, role)
    ~~~~~~~~~~~~~~~~~~~~~~^^^^^^^^^^^^^^^^
  File "/home/outsider/Projects/Hermes_agent/LifeOS_plugin/lifeos_hook_bridge/profile_services.py", line 175, in _check_definition
    values, definition = self._inspect(role)
                         ~~~~~~~~~~~~~^^^^^^
  File "/home/outsider/Projects/Hermes_agent/LifeOS_plugin/lifeos_hook_bridge/profile_services.py", line 157, in _inspect
    raise MemoryUnavailable('The profile service has unreviewed program or process properties')
lifeos_hook_bridge.memory_access.MemoryUnavailable: The profile service has unreviewed program or process properties

======================================================================
ERROR: test_process_exit_after_first_restart_resumes_the_original_service_selection (test_profile_services.ProfileServicesTests.test_process_exit_after_first_restart_resumes_the_original_service_selection)
----------------------------------------------------------------------
Traceback (most recent call last):
  File "/home/outsider/Projects/Hermes_agent/LifeOS_plugin/tests/test_profile_services.py", line 237, in test_process_exit_after_first_restart_resumes_the_original_service_selection
    self.barrier().drain()
    ~~~~~~~~~~~~~~~~~~~~^^
  File "/home/outsider/Projects/Hermes_agent/LifeOS_plugin/lifeos_hook_bridge/profile_services.py", line 249, in drain
    self._drain(document)
    ~~~~~~~~~~~^^^^^^^^^^
  File "/home/outsider/Projects/Hermes_agent/LifeOS_plugin/lifeos_hook_bridge/profile_services.py", line 207, in _drain
    self._drain_unit(document, role)
    ~~~~~~~~~~~~~~~~^^^^^^^^^^^^^^^^
  File "/home/outsider/Projects/Hermes_agent/LifeOS_plugin/lifeos_hook_bridge/profile_services.py", line 203, in _drain_unit
    self._empty(document, role)
    ~~~~~~~~~~~^^^^^^^^^^^^^^^^
  File "/home/outsider/Projects/Hermes_agent/LifeOS_plugin/lifeos_hook_bridge/profile_services.py", line 181, in _empty
    values = self._check_definition(document, role)
  File "/home/outsider/Projects/Hermes_agent/LifeOS_plugin/lifeos_hook_bridge/profile_services.py", line 175, in _check_definition
    values, definition = self._inspect(role)
                         ~~~~~~~~~~~~~^^^^^^
  File "/home/outsider/Projects/Hermes_agent/LifeOS_plugin/lifeos_hook_bridge/profile_services.py", line 157, in _inspect
    raise MemoryUnavailable('The profile service has unreviewed program or process properties')
lifeos_hook_bridge.memory_access.MemoryUnavailable: The profile service has unreviewed program or process properties

======================================================================
ERROR: test_recovery_quiesces_restarted_services_without_losing_original_selection (test_profile_services.ProfileServicesTests.test_recovery_quiesces_restarted_services_without_losing_original_selection)
----------------------------------------------------------------------
Traceback (most recent call last):
  File "/home/outsider/Projects/Hermes_agent/LifeOS_plugin/tests/test_profile_services.py", line 221, in test_recovery_quiesces_restarted_services_without_losing_original_selection
    self.barrier().quiesce()
    ~~~~~~~~~~~~~~~~~~~~~~^^
  File "/home/outsider/Projects/Hermes_agent/LifeOS_plugin/lifeos_hook_bridge/profile_services.py", line 261, in quiesce
    self._drain(document)
    ~~~~~~~~~~~^^^^^^^^^^
  File "/home/outsider/Projects/Hermes_agent/LifeOS_plugin/lifeos_hook_bridge/profile_services.py", line 207, in _drain
    self._drain_unit(document, role)
    ~~~~~~~~~~~~~~~~^^^^^^^^^^^^^^^^
  File "/home/outsider/Projects/Hermes_agent/LifeOS_plugin/lifeos_hook_bridge/profile_services.py", line 203, in _drain_unit
    self._empty(document, role)
    ~~~~~~~~~~~^^^^^^^^^^^^^^^^
  File "/home/outsider/Projects/Hermes_agent/LifeOS_plugin/lifeos_hook_bridge/profile_services.py", line 181, in _empty
    values = self._check_definition(document, role)
  File "/home/outsider/Projects/Hermes_agent/LifeOS_plugin/lifeos_hook_bridge/profile_services.py", line 175, in _check_definition
    values, definition = self._inspect(role)
                         ~~~~~~~~~~~~~^^^^^^
  File "/home/outsider/Projects/Hermes_agent/LifeOS_plugin/lifeos_hook_bridge/profile_services.py", line 157, in _inspect
    raise MemoryUnavailable('The profile service has unreviewed program or process properties')
lifeos_hook_bridge.memory_access.MemoryUnavailable: The profile service has unreviewed program or process properties

======================================================================
FAIL: test_process_exit_after_first_restart_resumes_the_original_service_selection (test_profile_services.ProfileServicesTests.test_process_exit_after_first_restart_resumes_the_original_service_selection)
----------------------------------------------------------------------
Traceback (most recent call last):
  File "/home/outsider/Projects/Hermes_agent/LifeOS_plugin/tests/test_profile_services.py", line 66, in stop_units
    self.command('systemctl', '--user', 'stop', *self.units.values())
    ~~~~~~~~~~~~^^^^^^^^^^^^^^^^^^^^^^^^^^^^^^^^^^^^^^^^^^^^^^^^^^^^^
  File "/home/outsider/Projects/Hermes_agent/LifeOS_plugin/tests/test_profile_services.py", line 54, in command
    self.assertEqual(result.stderr, '')
    ~~~~~~~~~~~~~~~~^^^^^^^^^^^^^^^^^^^
AssertionError: "Warning: The unit file, source configura[166 chars]s.\n" != ''
- Warning: The unit file, source configuration file or drop-ins of lifeos-ownership-test-07a98f290eac4e87b94aceb0df5b502c-dashboard.service changed on disk. Run 'systemctl --user daemon-reload' to reload units.


----------------------------------------------------------------------
Ran 13 tests in 51.648s

FAILED (failures=1, errors=3)
