test_originally_inactive_service_stays_inactive_after_setup_and_return (test_ownership_setup.OwnershipSetupTests.test_originally_inactive_service_stays_inactive_after_setup_and_return) ... ERROR
test_originally_inactive_service_stays_inactive_after_setup_and_return (test_ownership_setup.OwnershipSetupTests.test_originally_inactive_service_stays_inactive_after_setup_and_return) ... ok
test_originally_inactive_service_stays_inactive_after_setup_and_return (test_ownership_setup.OwnershipSetupTests.test_originally_inactive_service_stays_inactive_after_setup_and_return) ... ERROR
test_originally_inactive_service_stays_inactive_after_setup_and_return (test_ownership_setup.OwnershipSetupTests.test_originally_inactive_service_stays_inactive_after_setup_and_return) ... ok
test_originally_inactive_service_stays_inactive_after_setup_and_return (test_ownership_setup.OwnershipSetupTests.test_originally_inactive_service_stays_inactive_after_setup_and_return) ... ok

======================================================================
ERROR: test_originally_inactive_service_stays_inactive_after_setup_and_return (test_ownership_setup.OwnershipSetupTests.test_originally_inactive_service_stays_inactive_after_setup_and_return)
----------------------------------------------------------------------
Traceback (most recent call last):
  File "/home/outsider/Projects/Hermes_agent/LifeOS_plugin/tests/test_ownership_setup.py", line 229, in test_originally_inactive_service_stays_inactive_after_setup_and_return
    plan = self.prepare()
  File "/home/outsider/Projects/Hermes_agent/LifeOS_plugin/tests/test_ownership_setup.py", line 41, in prepare
    return self.setup_operation().prepare(self.backup.destination, account='dashboard:owner')
           ~~~~~~~~~~~~~~~~~~~~~~~~~~~~~~^^^^^^^^^^^^^^^^^^^^^^^^^^^^^^^^^^^^^^^^^^^^^^^^^^^^
  File "/home/outsider/Projects/Hermes_agent/LifeOS_plugin/lifeos_hook_bridge/ownership_setup.py", line 121, in prepare
    review = services.preview()
  File "/home/outsider/Projects/Hermes_agent/LifeOS_plugin/lifeos_hook_bridge/profile_services.py", line 238, in preview
    return {'signature': self._signature(self._admission())}
                                         ~~~~~~~~~~~~~~~^^
  File "/home/outsider/Projects/Hermes_agent/LifeOS_plugin/lifeos_hook_bridge/profile_services.py", line 218, in _admission
    raise MemoryUnavailable('Profile services require a stable active or inactive state before draining')
lifeos_hook_bridge.memory_access.MemoryUnavailable: Profile services require a stable active or inactive state before draining

======================================================================
ERROR: test_originally_inactive_service_stays_inactive_after_setup_and_return (test_ownership_setup.OwnershipSetupTests.test_originally_inactive_service_stays_inactive_after_setup_and_return)
----------------------------------------------------------------------
Traceback (most recent call last):
  File "/home/outsider/Projects/Hermes_agent/LifeOS_plugin/tests/test_ownership_setup.py", line 232, in test_originally_inactive_service_stays_inactive_after_setup_and_return
    self.setup_operation().recover(account='dashboard:owner')
    ~~~~~~~~~~~~~~~~~~~~~~~~~~~~~~^^^^^^^^^^^^^^^^^^^^^^^^^^^
  File "/home/outsider/Projects/Hermes_agent/LifeOS_plugin/lifeos_hook_bridge/ownership_setup.py", line 195, in recover
    services.quiesce()
    ~~~~~~~~~~~~~~~~^^
  File "/home/outsider/Projects/Hermes_agent/LifeOS_plugin/lifeos_hook_bridge/profile_services.py", line 261, in quiesce
    self._drain(document)
    ~~~~~~~~~~~^^^^^^^^^^
  File "/home/outsider/Projects/Hermes_agent/LifeOS_plugin/lifeos_hook_bridge/profile_services.py", line 207, in _drain
    self._drain_unit(document, role)
    ~~~~~~~~~~~~~~~~^^^^^^^^^^^^^^^^
  File "/home/outsider/Projects/Hermes_agent/LifeOS_plugin/lifeos_hook_bridge/profile_services.py", line 200, in _drain_unit
    values = self._check_definition(document, role)
  File "/home/outsider/Projects/Hermes_agent/LifeOS_plugin/lifeos_hook_bridge/profile_services.py", line 175, in _check_definition
    values, definition = self._inspect(role)
                         ~~~~~~~~~~~~~^^^^^^
  File "/home/outsider/Projects/Hermes_agent/LifeOS_plugin/lifeos_hook_bridge/profile_services.py", line 157, in _inspect
    raise MemoryUnavailable('The profile service has unreviewed program or process properties')
lifeos_hook_bridge.memory_access.MemoryUnavailable: The profile service has unreviewed program or process properties

----------------------------------------------------------------------
Ran 5 tests in 56.054s

FAILED (errors=2)
