143960 socket(AF_NETLINK, SOCK_RAW|SOCK_CLOEXEC, NETLINK_ROUTE) = 9
143960 bind(9, {sa_family=AF_NETLINK, nl_pid=0, nl_groups=00000000}, 12) = 0
143960 getsockname(9, {sa_family=AF_NETLINK, nl_pid=143959, nl_groups=00000000}, [12]) = 0
143960 sendto(9, [{nlmsg_len=20, nlmsg_type=RTM_GETADDR, nlmsg_flags=NLM_F_REQUEST|NLM_F_DUMP, nlmsg_seq=1791346700, nlmsg_pid=0}, {ifa_family=AF_UNSPEC, ...}], 20, 0, {sa_family=AF_NETLINK, nl_pid=0, nl_groups=00000000}, 12) = 20
143960 recvmsg(9, {msg_name={sa_family=AF_NETLINK, nl_pid=0, nl_groups=00000000}, msg_namelen=12, msg_iov=[{iov_base=[{nlmsg_len=20, nlmsg_type=NLMSG_DONE, nlmsg_flags=NLM_F_MULTI, nlmsg_seq=1791346700, nlmsg_pid=143959}, 0], iov_len=4096}], msg_iovlen=1, msg_controllen=0, msg_flags=0}, 0) = 20
143960 socket(AF_UNIX, SOCK_STREAM|SOCK_CLOEXEC|SOCK_NONBLOCK, 0) = 9
143960 connect(9, {sa_family=AF_UNIX, sun_path="/var/run/nscd/socket"}, 110) = -1 ENOENT (No such file or directory)
143960 socket(AF_UNIX, SOCK_STREAM|SOCK_CLOEXEC|SOCK_NONBLOCK, 0) = 9
143960 connect(9, {sa_family=AF_UNIX, sun_path="/var/run/nscd/socket"}, 110) = -1 ENOENT (No such file or directory)
143960 socket(AF_INET, SOCK_DGRAM|SOCK_CLOEXEC|SOCK_NONBLOCK, IPPROTO_IP) = 9
143960 setsockopt(9, SOL_IP, IP_RECVERR, [1], 4) = 0
143960 connect(9, {sa_family=AF_INET, sin_port=htons(53), sin_addr=inet_addr("192.168.8.1")}, 16) = -1 ENETUNREACH (Network is unreachable)
143960 socket(AF_INET, SOCK_DGRAM|SOCK_CLOEXEC|SOCK_NONBLOCK, IPPROTO_IP) = 9
143960 setsockopt(9, SOL_IP, IP_RECVERR, [1], 4) = 0
143960 connect(9, {sa_family=AF_INET, sin_port=htons(53), sin_addr=inet_addr("192.168.8.1")}, 16) = -1 ENETUNREACH (Network is unreachable)
143960 socket(AF_INET, SOCK_DGRAM|SOCK_CLOEXEC|SOCK_NONBLOCK, IPPROTO_IP) = 9
143960 setsockopt(9, SOL_IP, IP_RECVERR, [1], 4) = 0
143960 connect(9, {sa_family=AF_INET, sin_port=htons(53), sin_addr=inet_addr("192.168.8.1")}, 16) = -1 ENETUNREACH (Network is unreachable)
143960 socket(AF_INET, SOCK_DGRAM|SOCK_CLOEXEC|SOCK_NONBLOCK, IPPROTO_IP) = 9
143960 setsockopt(9, SOL_IP, IP_RECVERR, [1], 4) = 0
143960 connect(9, {sa_family=AF_INET, sin_port=htons(53), sin_addr=inet_addr("192.168.8.1")}, 16) = -1 ENETUNREACH (Network is unreachable)
143969 +++ exited with 0 +++
143968 +++ exited with 0 +++
143964 +++ exited with 0 +++
143970 +++ exited with 0 +++
143966 +++ exited with 0 +++
143962 +++ exited with 0 +++
143965 +++ exited with 0 +++
143961 +++ exited with 0 +++
143960 +++ exited with 0 +++
143971 +++ exited with 0 +++
143967 +++ exited with 0 +++
143963 +++ exited with 0 +++
143959 +++ exited with 0 +++
