{
  "status": "PASS",
  "outcome": {
    "question": "Synthetic release cancellation",
    "choices_offered": [
      "A",
      "B"
    ],
    "user_response": "",
    "cancelled": true,
    "notice": "[clarify cancelled]"
  },
  "recovery": {
    "question": "Synthetic recovery",
    "choices_offered": [
      "A",
      "B"
    ],
    "user_response": "B"
  },
  "stop_seconds": 0.01453491096617654,
  "late_answer_refused": true,
  "actual_gateway_interruption": true,
  "discord_network_delivery_verified": false,
  "synthetic_data_only": true
}
