{
  "status": "PASS",
  "model": "flashnext-w4a16-fp8ple",
  "sessions": [
    "20261010_172315_b22f6d",
    "20261010_172403_79c92d"
  ],
  "reference": {
    "id": "6b95bbd59a3b446788286a690fc16c5a",
    "revision": 1
  },
  "writer": "terminal:1008",
  "search_calls": 2,
  "rejected_search_requests": [
    {
      "status": "rejected",
      "reason": "Memory tool arguments contain missing or unrecognized fields"
    }
  ],
  "returned_matches": 1,
  "highest_match_has_exact_saved_content": true,
  "actual_write_and_fresh_conversation_read_verified": true,
  "synthetic_data_only": true,
  "live_profile_changed": false,
  "discord_delivery_verified": false,
  "scheduled_work_verified": false,
  "process_elapsed_seconds": [
    48.976,
    64.002
  ]
}
