test_aggregate_source_limit_refuses_a_partial_view (test_memory_wiki_corpus.MemoryWikiCorpusTests.test_aggregate_source_limit_refuses_a_partial_view) ... ok
test_correction_retires_older_sources_and_forgotten_claims_in_current_files (test_memory_wiki_corpus.MemoryWikiCorpusTests.test_correction_retires_older_sources_and_forgotten_claims_in_current_files) ... ok
test_directory_scan_budget_is_shared_between_retained_silos (test_memory_wiki_corpus.MemoryWikiCorpusTests.test_directory_scan_budget_is_shared_between_retained_silos) ... ok
test_directory_scan_stops_before_materializing_oversized_population (test_memory_wiki_corpus.MemoryWikiCorpusTests.test_directory_scan_stops_before_materializing_oversized_population) ... ok
test_every_corpus_requires_unrestricted_current_owner_scope (test_memory_wiki_corpus.MemoryWikiCorpusTests.test_every_corpus_requires_unrestricted_current_owner_scope) ... ok
test_forgotten_filename_labels_do_not_reappear_as_native_fallback_titles (test_memory_wiki_corpus.MemoryWikiCorpusTests.test_forgotten_filename_labels_do_not_reappear_as_native_fallback_titles) ... ok
test_hidden_population_counts_toward_directory_scan_limit (test_memory_wiki_corpus.MemoryWikiCorpusTests.test_hidden_population_counts_toward_directory_scan_limit) ... ok
test_hidden_queues_raw_failure_dumps_and_non_native_work_files_are_absent (test_memory_wiki_corpus.MemoryWikiCorpusTests.test_hidden_queues_raw_failure_dumps_and_non_native_work_files_are_absent) ... ok
test_invalid_utf8_source_refuses_without_partial_index (test_memory_wiki_corpus.MemoryWikiCorpusTests.test_invalid_utf8_source_refuses_without_partial_index) ... ok
test_malformed_private_openers_and_canonical_control_characters_are_excluded (test_memory_wiki_corpus.MemoryWikiCorpusTests.test_malformed_private_openers_and_canonical_control_characters_are_excluded) ... ok
test_managed_categories_slugs_and_groups_match_native_standalone (test_memory_wiki_corpus.MemoryWikiCorpusTests.test_managed_categories_slugs_and_groups_match_native_standalone) ... ok
test_markdown_frontmatter_comments_and_rules_remain_native_read_content (test_memory_wiki_corpus.MemoryWikiCorpusTests.test_markdown_frontmatter_comments_and_rules_remain_native_read_content) ... ok
test_native_duplicate_slug_between_silos_refuses_ambiguous_pages (test_memory_wiki_corpus.MemoryWikiCorpusTests.test_native_duplicate_slug_between_silos_refuses_ambiguous_pages) ... ok
test_non_source_work_population_counts_toward_directory_scan_limit (test_memory_wiki_corpus.MemoryWikiCorpusTests.test_non_source_work_population_counts_toward_directory_scan_limit) ... ok
test_oversized_source_refuses_before_native_publication (test_memory_wiki_corpus.MemoryWikiCorpusTests.test_oversized_source_refuses_before_native_publication) ... ok
test_private_markup_sources_are_excluded_without_changing_raw_files (test_memory_wiki_corpus.MemoryWikiCorpusTests.test_private_markup_sources_are_excluded_without_changing_raw_files) ... ok
test_private_source_names_and_groups_cannot_supply_page_metadata (test_memory_wiki_corpus.MemoryWikiCorpusTests.test_private_source_names_and_groups_cannot_supply_page_metadata) ... ok
test_read_content_can_exceed_native_write_limit_without_changing_that_limit (test_memory_wiki_corpus.MemoryWikiCorpusTests.test_read_content_can_exceed_native_write_limit_without_changing_that_limit) ... ok
test_redirected_directory_cannot_supply_an_alias_corpus (test_memory_wiki_corpus.MemoryWikiCorpusTests.test_redirected_directory_cannot_supply_an_alias_corpus) ... ok
test_retained_silos_and_docs_are_searchable_with_native_excerpt_and_backlinks (test_memory_wiki_corpus.MemoryWikiCorpusTests.test_retained_silos_and_docs_are_searchable_with_native_excerpt_and_backlinks) ... ok
test_retired_frontmatter_and_work_directory_labels_are_excluded (test_memory_wiki_corpus.MemoryWikiCorpusTests.test_retired_frontmatter_and_work_directory_labels_are_excluded) ... ok
test_source_count_limit_bounds_empty_file_and_directory_traversal (test_memory_wiki_corpus.MemoryWikiCorpusTests.test_source_count_limit_bounds_empty_file_and_directory_traversal) ... ok
test_source_redirects_cannot_read_other_user_or_system_files (test_memory_wiki_corpus.MemoryWikiCorpusTests.test_source_redirects_cannot_read_other_user_or_system_files) ... ok
test_source_times_at_millisecond_boundaries_match_native_standalone (test_memory_wiki_corpus.MemoryWikiCorpusTests.test_source_times_at_millisecond_boundaries_match_native_standalone) ... ok
test_ambient_owner_and_internal_flags_do_not_authorize_any_wiki_view (test_memory_wiki_relay.MemoryWikiRelayTests.test_ambient_owner_and_internal_flags_do_not_authorize_any_wiki_view) ... ok
test_authenticated_documentation_excludes_forget_in_body_search_and_graph (test_memory_wiki_relay.MemoryWikiRelayTests.test_authenticated_documentation_excludes_forget_in_body_search_and_graph) ... ok
test_authenticated_native_index_search_graph_and_body_use_registered_current_notes (test_memory_wiki_relay.MemoryWikiRelayTests.test_authenticated_native_index_search_graph_and_body_use_registered_current_notes) ... ok
test_authenticated_retained_silos_and_docs_refresh_without_raw_fallback (test_memory_wiki_relay.MemoryWikiRelayTests.test_authenticated_retained_silos_and_docs_refresh_without_raw_fallback) ... ok
test_changed_local_installation_cannot_supply_a_wiki_response (test_memory_wiki_relay.MemoryWikiRelayTests.test_changed_local_installation_cannot_supply_a_wiki_response) ... ok
test_changed_registered_source_is_unavailable_instead_of_serving_raw_content (test_memory_wiki_relay.MemoryWikiRelayTests.test_changed_registered_source_is_unavailable_instead_of_serving_raw_content) ... ok
test_correction_and_forget_replace_live_body_search_index_and_graph (test_memory_wiki_relay.MemoryWikiRelayTests.test_correction_and_forget_replace_live_body_search_index_and_graph) ... ok
test_cross_origin_requests_do_not_borrow_authenticated_owner_cookies (test_memory_wiki_relay.MemoryWikiRelayTests.test_cross_origin_requests_do_not_borrow_authenticated_owner_cookies) ... ok
test_invalid_bearer_and_browser_logout_do_not_reuse_current_owner_view (test_memory_wiki_relay.MemoryWikiRelayTests.test_invalid_bearer_and_browser_logout_do_not_reuse_current_owner_view) ... ok
test_invalid_connector_permissions_do_not_select_the_raw_native_reader (test_memory_wiki_relay.MemoryWikiRelayTests.test_invalid_connector_permissions_do_not_select_the_raw_native_reader) ... ok
test_live_account_revocation_rechecks_every_wiki_view (test_memory_wiki_relay.MemoryWikiRelayTests.test_live_account_revocation_rechecks_every_wiki_view) ... ok
test_live_connector_loss_does_not_select_raw_wiki_or_existing_index (test_memory_wiki_relay.MemoryWikiRelayTests.test_live_connector_loss_does_not_select_raw_wiki_or_existing_index) ... ok
test_managed_writes_reindex_and_scope_queries_do_not_admit_raw_paths (test_memory_wiki_relay.MemoryWikiRelayTests.test_managed_writes_reindex_and_scope_queries_do_not_admit_raw_paths) ... ok
test_owner_and_anonymous_connections_do_not_share_the_wiki_index (test_memory_wiki_relay.MemoryWikiRelayTests.test_owner_and_anonymous_connections_do_not_share_the_wiki_index) ... ok
test_persistent_marker_refuses_raw_wiki_after_restart_without_connector (test_memory_wiki_relay.MemoryWikiRelayTests.test_persistent_marker_refuses_raw_wiki_after_restart_without_connector) ... ok
test_unavailable_dashboard_does_not_reuse_native_owner_data (test_memory_wiki_relay.MemoryWikiRelayTests.test_unavailable_dashboard_does_not_reuse_native_owner_data) ... ok
test_wiki_category_follows_the_native_archive_directory (test_memory_wiki_relay.MemoryWikiRelayTests.test_wiki_category_follows_the_native_archive_directory) ... ok
test_declared_renderer_does_not_scan_or_stat_another_physical_source (test_memory_wiki_render.MemoryWikiRenderTests.test_declared_renderer_does_not_scan_or_stat_another_physical_source) ... ok
test_duplicate_page_slug_refuses_and_does_not_leave_partial_index (test_memory_wiki_render.MemoryWikiRenderTests.test_duplicate_page_slug_refuses_and_does_not_leave_partial_index) ... ok
test_duplicate_physical_source_refuses_distinct_slug_aliases (test_memory_wiki_render.MemoryWikiRenderTests.test_duplicate_physical_source_refuses_distinct_slug_aliases) ... ok
test_empty_later_corpus_cannot_reuse_previous_search_or_index (test_memory_wiki_render.MemoryWikiRenderTests.test_empty_later_corpus_cannot_reuse_previous_search_or_index) ... ok
test_missing_declared_note_has_native_not_found_result (test_memory_wiki_render.MemoryWikiRenderTests.test_missing_declared_note_has_native_not_found_result) ... ok
test_rendering_refuses_write_routes_and_unrelated_module_routes (test_memory_wiki_render.MemoryWikiRenderTests.test_rendering_refuses_write_routes_and_unrelated_module_routes) ... ok
test_standalone_wiki_keeps_native_index_search_and_raw_note_control (test_memory_wiki_render.MemoryWikiRenderTests.test_standalone_wiki_keeps_native_index_search_and_raw_note_control) ... ok
test_supplied_index_graph_and_backlinks_exclude_raw_unknown_sources (test_memory_wiki_render.MemoryWikiRenderTests.test_supplied_index_graph_and_backlinks_exclude_raw_unknown_sources) ... ok
test_supplied_native_note_body_search_and_excerpt_never_read_raw_body (test_memory_wiki_render.MemoryWikiRenderTests.test_supplied_native_note_body_search_and_excerpt_never_read_raw_body) ... ok
test_runtime_contains_exact_hermes_patch_sequence (test_patch_bundle.PatchBundleTests.test_runtime_contains_exact_hermes_patch_sequence) ... ok
test_runtime_contains_exact_lifeos_patch_sequence (test_patch_bundle.PatchBundleTests.test_runtime_contains_exact_lifeos_patch_sequence) ... ok
test_catalog_result_reaches_hook_and_context_returns_to_caller (test_host_catalog_hooks.HostCatalogHookTests.test_catalog_result_reaches_hook_and_context_returns_to_caller) ... ok
test_applies_patch_and_restores_after_failed_runtime_check (test_hermes_install_source.HermesSourceTests.test_applies_patch_and_restores_after_failed_runtime_check) ... ok
test_applies_prepared_patch_without_changing_ignored_runtime (test_hermes_install_source.HermesSourceTests.test_applies_prepared_patch_without_changing_ignored_runtime) ... ok
test_failed_restore_reapplies_the_prepared_patch (test_hermes_install_source.HermesSourceTests.test_failed_restore_reapplies_the_prepared_patch) ... ok
test_prepares_clean_exact_source_with_ordered_patch (test_hermes_install_source.HermesSourceTests.test_prepares_clean_exact_source_with_ordered_patch) ... ok
test_refuses_modified_or_unsupported_running_source (test_hermes_install_source.HermesSourceTests.test_refuses_modified_or_unsupported_running_source) ... ok
test_restore_preserves_later_hermes_config_edit (test_hermes_install_source.HermesSourceTests.test_restore_preserves_later_hermes_config_edit) ... ok
test_restore_request_prevents_duplicate_launch (test_hermes_install_source.HermesSourceTests.test_restore_request_prevents_duplicate_launch) ... ok
test_start_failure_stops_gateway_before_restoring_code (test_hermes_install_source.HermesSourceTests.test_start_failure_stops_gateway_before_restoring_code) ... ok
test_commands_preserve_profiles_inputs_images_and_selected_provider_failures (test_installed_plugin_commands.InstalledPluginCommandTests.test_commands_preserve_profiles_inputs_images_and_selected_provider_failures) ... ok

----------------------------------------------------------------------
Ran 62 tests in 71.704s

OK
