test_broken_capability_failure_returns_one_nudge (test_native_algorithm_nudge.NativeAlgorithmNudgeTests.test_broken_capability_failure_returns_one_nudge) ... ok
test_depth_directive_returns_one_prompt_nudge (test_native_algorithm_nudge.NativeAlgorithmNudgeTests.test_depth_directive_returns_one_prompt_nudge) ... ok
test_indexed_skill_phrase_returns_route_nudge (test_native_algorithm_nudge.NativeAlgorithmNudgeTests.test_indexed_skill_phrase_returns_route_nudge) ... ok
test_long_slug_checkpoint_remains_searchable (test_native_checkpoint.NativeCheckpointTests.test_long_slug_checkpoint_remains_searchable) ... ok
test_each_prompt_gets_its_line_budget (test_native_drift_reminder.NativeDriftReminderTests.test_each_prompt_gets_its_line_budget) ... ok
test_bash_combined_output_is_named_in_audit (test_native_event_logger.NativeEventLoggerTests.test_bash_combined_output_is_named_in_audit) ... ok
test_failed_bash_call_is_recorded_through_bridge (test_native_event_logger.NativeEventLoggerTests.test_failed_bash_call_is_recorded_through_bridge) ... ok
test_tool_result_is_attached_to_call_not_user_text (test_native_failure_capture.NativeFailureCaptureTests.test_tool_result_is_attached_to_call_not_user_text) ... ok
test_session_start_writes_freshness_cache (test_native_freshness_cache.NativeFreshnessCacheTests.test_session_start_writes_freshness_cache) ... ok
test_session_start_heals_registered_direct_executable (test_native_hook_healer.NativeHookHealerTests.test_session_start_heals_registered_direct_executable) ... ok
test_closed_isa_with_hard_violations_blocks_stop (test_native_isa_gate.NativeISAGateTests.test_closed_isa_with_hard_violations_blocks_stop) ... /home/outsider/.cache/lifeos-hook-evidence-20261003/prepared-final/hermes/pm/shell.py:13: SyntaxWarning: "\W" is an invalid escape sequence. Such sequences will not work in the future. Did you mean "\\W"? A raw string is also an option.
  minus C:\Windows\System32\bash.exe (the WSL launcher stub, first on PATH
ok
test_production_mutation_without_isa_edit_blocks_stop (test_native_isa_gate.NativeISAGateTests.test_production_mutation_without_isa_edit_blocks_stop) ... ok
test_stale_isa_blocks_completion_claim (test_native_isa_gate.NativeISAGateTests.test_stale_isa_blocks_completion_claim) ... ok
test_cli_session_preserves_kitty_environment (test_native_kitty_channel.NativeKittyChannelTests.test_cli_session_preserves_kitty_environment) ... ok
test_desktop_session_writes_tab_state (test_native_kitty_channel.NativeKittyChannelTests.test_desktop_session_writes_tab_state) ... ok
test_discord_session_does_not_persist_kitty_environment (test_native_kitty_channel.NativeKittyChannelTests.test_discord_session_does_not_persist_kitty_environment) ... ok
test_discord_session_does_not_write_tab_state (test_native_kitty_channel.NativeKittyChannelTests.test_discord_session_does_not_write_tab_state) ... ok
test_third_failed_call_returns_loop_feedback (test_native_loop_detector.NativeLoopDetectorTests.test_third_failed_call_returns_loop_feedback) ... ok
test_custom_tier_models_use_the_model_and_effort_pair (test_native_model_rung_guard.NativeModelRungGuardTests.test_custom_tier_models_use_the_model_and_effort_pair) ... ok
test_local_model_medium_effort_uses_sonnet_rung (test_native_model_rung_guard.NativeModelRungGuardTests.test_local_model_medium_effort_uses_sonnet_rung) ... ok
test_local_model_names_do_not_override_configured_tiers (test_native_model_rung_guard.NativeModelRungGuardTests.test_local_model_names_do_not_override_configured_tiers) ... ok
test_lower_transcript_rung_warns_at_next_prompt (test_native_model_rung_guard.NativeModelRungGuardTests.test_lower_transcript_rung_warns_at_next_prompt) ... ok
test_plugin_pin_classifies_local_model_settings (test_native_model_rung_guard.NativeModelRungGuardTests.test_plugin_pin_classifies_local_model_settings) ... ok
test_failed_patch_does_not_checkpoint_an_earlier_isa_edit (test_native_partial_patch.NativePartialPatchTests.test_failed_patch_does_not_checkpoint_an_earlier_isa_edit) ... ok
test_successful_edit_still_reaches_native_hook_after_later_failure (test_native_partial_patch.NativePartialPatchTests.test_successful_edit_still_reaches_native_hook_after_later_failure) ... ok
test_first_natural_prompt_names_session_with_local_model (test_native_prompt_processing.NativePromptProcessingTests.test_first_natural_prompt_names_session_with_local_model) ... ok
test_slash_prompt_creates_session_name_on_discord (test_native_prompt_processing.NativePromptProcessingTests.test_slash_prompt_creates_session_name_on_discord) ... ok
test_matching_prompt_stays_local_without_work_repo (test_native_reminder_router.NativeReminderRouterTests.test_matching_prompt_stays_local_without_work_repo) ... ok
test_verified_private_repo_routes_to_fake_gh (test_native_reminder_router.NativeReminderRouterTests.test_verified_private_repo_routes_to_fake_gh) ... ok
test_remote_view_blocks_stale_write_and_fresh_read_clears_it (test_native_remote_isa.NativeRemoteISATests.test_remote_view_blocks_stale_write_and_fresh_read_clears_it) ... ok
test_all_six_handlers_complete_under_parallel_dispatch (test_native_session_end_all.NativeSessionEndAllTests.test_all_six_handlers_complete_under_parallel_dispatch) ... ok
test_learning_and_cleanup_complete_during_parallel_session_end (test_native_session_end_learning.NativeSessionEndLearningTests.test_learning_and_cleanup_complete_during_parallel_session_end) ... ok
test_learning_survives_cleanup_finishing_first (test_native_session_end_learning.NativeSessionEndLearningTests.test_learning_survives_cleanup_finishing_first) ... ok
test_session_start_backports_direct_edit_before_merge (test_native_settings_merge.NativeSettingsMergeTests.test_session_start_backports_direct_edit_before_merge) ... ok
test_session_start_merges_user_overlay_and_writes_snapshot (test_native_settings_merge.NativeSettingsMergeTests.test_session_start_merges_user_overlay_and_writes_snapshot) ... ok
test_discovery_does_not_dispatch_unrelated_creation_hooks (test_native_task_hook.NativeTaskHookTests.test_discovery_does_not_dispatch_unrelated_creation_hooks) ... ok
test_external_count_controls_limit_without_writing_legacy_counter (test_native_task_hook.NativeTaskHookTests.test_external_count_controls_limit_without_writing_legacy_counter) ... ok
test_short_description_blocks_with_external_count (test_native_task_hook.NativeTaskHookTests.test_short_description_blocks_with_external_count) ... ok
test_synthetic_probe_does_not_bypass_native_quality_gate (test_native_task_hook.NativeTaskHookTests.test_synthetic_probe_does_not_bypass_native_quality_gate) ... ok
test_native_tagged_control_nags_once (test_native_version_drift.NativeVersionDriftTests.test_native_tagged_control_nags_once) ... ok
test_new_source_skill_reaches_native_drift_warning (test_native_version_drift.NativeVersionDriftTests.test_new_source_skill_reaches_native_drift_warning) ... ok
test_plugin_baseline_drives_native_hook_without_git_in_home (test_native_version_drift.NativeVersionDriftTests.test_plugin_baseline_drives_native_hook_without_git_in_home) ... ok
test_untagged_installation_does_not_nag (test_native_version_drift.NativeVersionDriftTests.test_untagged_installation_does_not_nag) ... ok
test_discord_turn_blocks_speaker_command_before_execution (test_native_voice_gate.NativeVoiceGateTests.test_discord_turn_blocks_speaker_command_before_execution) ... ok
test_discord_turn_skips_desktop_voice_with_term_set (test_native_voice_gate.NativeVoiceGateTests.test_discord_turn_skips_desktop_voice_with_term_set) ... ok
test_active_agent_with_silent_activity_emits_alert (test_native_watchdog.NativeWatchdogTests.test_active_agent_with_silent_activity_emits_alert) ... ok

----------------------------------------------------------------------
Ran 46 tests in 14.502s

OK
