{
  "ok": false,
  "runId": "2026-10-07T05-42-25-556Z",
  "transcript": "/home/lifeos-plugin-install-probe/workspace/paired-step1-20261006/memory-review-trigger-admitted-memory-review-trigger/synthetic-transcript.jsonl",
  "exchanges": 1,
  "inference_duration_ms": 16881,
  "parse_ok": true,
  "dispatch_summary": {
    "total": 1,
    "by_type": {
      "proposal": 1
    },
    "succeeded": 1,
    "failed": 0,
    "failures": [],
    "skipped_guard": 0,
    "skips": [],
    "proposals_auto_applied": 0,
    "proposals_auto_apply_failed": 1
  },
  "error": "auto-apply failed for 1 proposal(s)"
}
