test_every_memory_route_requires_a_verified_session_when_host_gate_is_disabled (test_memory_pulse_auth.MemoryPulseAuthTests.test_every_memory_route_requires_a_verified_session_when_host_gate_is_disabled) ... 
  test_every_memory_route_requires_a_verified_session_when_host_gate_is_disabled (test_memory_pulse_auth.MemoryPulseAuthTests.test_every_memory_route_requires_a_verified_session_when_host_gate_is_disabled) (method='GET', endpoint='/api/plugins/lifeos-hook-bridge/memory') ... FAIL
  test_every_memory_route_requires_a_verified_session_when_host_gate_is_disabled (test_memory_pulse_auth.MemoryPulseAuthTests.test_every_memory_route_requires_a_verified_session_when_host_gate_is_disabled) (method='POST', endpoint='/api/plugins/lifeos-hook-bridge/memory/review') ... FAIL
  test_every_memory_route_requires_a_verified_session_when_host_gate_is_disabled (test_memory_pulse_auth.MemoryPulseAuthTests.test_every_memory_route_requires_a_verified_session_when_host_gate_is_disabled) (method='POST', endpoint='/api/plugins/lifeos-hook-bridge/memory/adoption/preview') ... FAIL
  test_every_memory_route_requires_a_verified_session_when_host_gate_is_disabled (test_memory_pulse_auth.MemoryPulseAuthTests.test_every_memory_route_requires_a_verified_session_when_host_gate_is_disabled) (method='POST', endpoint='/api/plugins/lifeos-hook-bridge/memory/adoption') ... FAIL
  test_every_memory_route_requires_a_verified_session_when_host_gate_is_disabled (test_memory_pulse_auth.MemoryPulseAuthTests.test_every_memory_route_requires_a_verified_session_when_host_gate_is_disabled) (method='POST', endpoint='/api/plugins/lifeos-hook-bridge/memory/sharing') ... FAIL
  test_every_memory_route_requires_a_verified_session_when_host_gate_is_disabled (test_memory_pulse_auth.MemoryPulseAuthTests.test_every_memory_route_requires_a_verified_session_when_host_gate_is_disabled) (method='POST', endpoint='/api/plugins/lifeos-hook-bridge/memory/connections') ... FAIL
  test_every_memory_route_requires_a_verified_session_when_host_gate_is_disabled (test_memory_pulse_auth.MemoryPulseAuthTests.test_every_memory_route_requires_a_verified_session_when_host_gate_is_disabled) (method='DELETE', endpoint='/api/plugins/lifeos-hook-bridge/memory/connections/absent-client') ... FAIL
test_every_memory_route_requires_a_verified_session_when_host_gate_is_disabled (test_memory_pulse_auth.MemoryPulseAuthTests.test_every_memory_route_requires_a_verified_session_when_host_gate_is_disabled) ... FAIL
test_every_memory_route_rechecks_revoked_account_binding (test_memory_pulse_auth.MemoryPulseAuthTests.test_every_memory_route_rechecks_revoked_account_binding) ... 
  test_every_memory_route_rechecks_revoked_account_binding (test_memory_pulse_auth.MemoryPulseAuthTests.test_every_memory_route_rechecks_revoked_account_binding) (method='GET', endpoint='/api/plugins/lifeos-hook-bridge/memory') ... FAIL
  test_every_memory_route_rechecks_revoked_account_binding (test_memory_pulse_auth.MemoryPulseAuthTests.test_every_memory_route_rechecks_revoked_account_binding) (method='POST', endpoint='/api/plugins/lifeos-hook-bridge/memory/review') ... FAIL
  test_every_memory_route_rechecks_revoked_account_binding (test_memory_pulse_auth.MemoryPulseAuthTests.test_every_memory_route_rechecks_revoked_account_binding) (method='POST', endpoint='/api/plugins/lifeos-hook-bridge/memory/adoption/preview') ... FAIL
  test_every_memory_route_rechecks_revoked_account_binding (test_memory_pulse_auth.MemoryPulseAuthTests.test_every_memory_route_rechecks_revoked_account_binding) (method='POST', endpoint='/api/plugins/lifeos-hook-bridge/memory/adoption') ... FAIL
  test_every_memory_route_rechecks_revoked_account_binding (test_memory_pulse_auth.MemoryPulseAuthTests.test_every_memory_route_rechecks_revoked_account_binding) (method='POST', endpoint='/api/plugins/lifeos-hook-bridge/memory/sharing') ... FAIL
  test_every_memory_route_rechecks_revoked_account_binding (test_memory_pulse_auth.MemoryPulseAuthTests.test_every_memory_route_rechecks_revoked_account_binding) (method='POST', endpoint='/api/plugins/lifeos-hook-bridge/memory/connections') ... FAIL
  test_every_memory_route_rechecks_revoked_account_binding (test_memory_pulse_auth.MemoryPulseAuthTests.test_every_memory_route_rechecks_revoked_account_binding) (method='DELETE', endpoint='/api/plugins/lifeos-hook-bridge/memory/connections/absent-client') ... FAIL
test_every_memory_route_rechecks_revoked_account_binding (test_memory_pulse_auth.MemoryPulseAuthTests.test_every_memory_route_rechecks_revoked_account_binding) ... FAIL
test_distinct_authenticated_account_without_binding_cannot_read_or_change_memory (test_memory_pulse_auth.MemoryPulseAuthTests.test_distinct_authenticated_account_without_binding_cannot_read_or_change_memory) ... 
  test_distinct_authenticated_account_without_binding_cannot_read_or_change_memory (test_memory_pulse_auth.MemoryPulseAuthTests.test_distinct_authenticated_account_without_binding_cannot_read_or_change_memory) (method='GET', endpoint='/api/plugins/lifeos-hook-bridge/memory') ... FAIL
  test_distinct_authenticated_account_without_binding_cannot_read_or_change_memory (test_memory_pulse_auth.MemoryPulseAuthTests.test_distinct_authenticated_account_without_binding_cannot_read_or_change_memory) (method='POST', endpoint='/api/plugins/lifeos-hook-bridge/memory/review') ... FAIL
  test_distinct_authenticated_account_without_binding_cannot_read_or_change_memory (test_memory_pulse_auth.MemoryPulseAuthTests.test_distinct_authenticated_account_without_binding_cannot_read_or_change_memory) (method='POST', endpoint='/api/plugins/lifeos-hook-bridge/memory/adoption/preview') ... FAIL
  test_distinct_authenticated_account_without_binding_cannot_read_or_change_memory (test_memory_pulse_auth.MemoryPulseAuthTests.test_distinct_authenticated_account_without_binding_cannot_read_or_change_memory) (method='POST', endpoint='/api/plugins/lifeos-hook-bridge/memory/adoption') ... FAIL
  test_distinct_authenticated_account_without_binding_cannot_read_or_change_memory (test_memory_pulse_auth.MemoryPulseAuthTests.test_distinct_authenticated_account_without_binding_cannot_read_or_change_memory) (method='POST', endpoint='/api/plugins/lifeos-hook-bridge/memory/sharing') ... FAIL
  test_distinct_authenticated_account_without_binding_cannot_read_or_change_memory (test_memory_pulse_auth.MemoryPulseAuthTests.test_distinct_authenticated_account_without_binding_cannot_read_or_change_memory) (method='POST', endpoint='/api/plugins/lifeos-hook-bridge/memory/connections') ... FAIL
  test_distinct_authenticated_account_without_binding_cannot_read_or_change_memory (test_memory_pulse_auth.MemoryPulseAuthTests.test_distinct_authenticated_account_without_binding_cannot_read_or_change_memory) (method='DELETE', endpoint='/api/plugins/lifeos-hook-bridge/memory/connections/absent-client') ... FAIL
test_distinct_authenticated_account_without_binding_cannot_read_or_change_memory (test_memory_pulse_auth.MemoryPulseAuthTests.test_distinct_authenticated_account_without_binding_cannot_read_or_change_memory) ... FAIL
test_revoked_owner_cannot_forget_a_native_fact (test_memory_pulse_auth.MemoryPulseAuthTests.test_revoked_owner_cannot_forget_a_native_fact) ... FAIL

======================================================================
FAIL: test_every_memory_route_requires_a_verified_session_when_host_gate_is_disabled (test_memory_pulse_auth.MemoryPulseAuthTests.test_every_memory_route_requires_a_verified_session_when_host_gate_is_disabled) (method='GET', endpoint='/api/plugins/lifeos-hook-bridge/memory')
----------------------------------------------------------------------
Traceback (most recent call last):
  File "/home/outsider/Projects/Hermes_agent/LifeOS_plugin/tests/test_memory_pulse_auth.py", line 88, in assert_memory_routes_deny
    self.assertEqual(response.status_code, status, response.text)
    ~~~~~~~~~~~~~~~~^^^^^^^^^^^^^^^^^^^^^^^^^^^^^^^^^^^^^^^^^^^^^
AssertionError: 200 != 401 : {"state":"prepared","ownership_enabled":false,"sharing_enabled":false,"activation_ready":false,"remaining_gates":{"native_proposal_policy":"Native proposals, approval, and retained source coverage","restricted_prompts":"Restricted audiences, scheduled calls, and rendered LifeOS identity context","session_lifecycle":"Child agents, compression, and resumed conversations","ownership_transaction":"Fresh setup, backup, restore, update, and ownership rollback","release_review":"Complete release tests and independent review"},"automatic_review":"Native LifeOS hooks","proposal_review_available":true,"native_health":"ok","active_facts":1,"connections":[]}

======================================================================
FAIL: test_every_memory_route_requires_a_verified_session_when_host_gate_is_disabled (test_memory_pulse_auth.MemoryPulseAuthTests.test_every_memory_route_requires_a_verified_session_when_host_gate_is_disabled) (method='POST', endpoint='/api/plugins/lifeos-hook-bridge/memory/review')
----------------------------------------------------------------------
Traceback (most recent call last):
  File "/home/outsider/Projects/Hermes_agent/LifeOS_plugin/tests/test_memory_pulse_auth.py", line 88, in assert_memory_routes_deny
    self.assertEqual(response.status_code, status, response.text)
    ~~~~~~~~~~~~~~~~^^^^^^^^^^^^^^^^^^^^^^^^^^^^^^^^^^^^^^^^^^^^^
AssertionError: 200 != 401 : {"status":"ok","results":[{"reference":{"id":"06f4d5f3b0e9443fa1e56b6fc02f51d2","revision":1},"content":"RULE: Synthetic authenticated PULSE fact","category":"principal","project":"","writer":"local:owner","status":"active","source":{"kind":"explicit","session":"","path":"LIFEOS/USER/PRINCIPAL/PRINCIPAL_MEMORY.md"},"score":2}]}

======================================================================
FAIL: test_every_memory_route_requires_a_verified_session_when_host_gate_is_disabled (test_memory_pulse_auth.MemoryPulseAuthTests.test_every_memory_route_requires_a_verified_session_when_host_gate_is_disabled) (method='POST', endpoint='/api/plugins/lifeos-hook-bridge/memory/adoption/preview')
----------------------------------------------------------------------
Traceback (most recent call last):
  File "/home/outsider/Projects/Hermes_agent/LifeOS_plugin/tests/test_memory_pulse_auth.py", line 88, in assert_memory_routes_deny
    self.assertEqual(response.status_code, status, response.text)
    ~~~~~~~~~~~~~~~~^^^^^^^^^^^^^^^^^^^^^^^^^^^^^^^^^^^^^^^^^^^^^
AssertionError: 200 != 401 : {"signature":"c65fe4a9cc43c897a69386e9d3b156b4e2e85c24c1581de70ca97968f9cbd125","records":[],"proposals":[],"excluded":[],"scanned_files":2}

======================================================================
FAIL: test_every_memory_route_requires_a_verified_session_when_host_gate_is_disabled (test_memory_pulse_auth.MemoryPulseAuthTests.test_every_memory_route_requires_a_verified_session_when_host_gate_is_disabled) (method='POST', endpoint='/api/plugins/lifeos-hook-bridge/memory/adoption')
----------------------------------------------------------------------
Traceback (most recent call last):
  File "/home/outsider/Projects/Hermes_agent/LifeOS_plugin/tests/test_memory_pulse_auth.py", line 88, in assert_memory_routes_deny
    self.assertEqual(response.status_code, status, response.text)
    ~~~~~~~~~~~~~~~~^^^^^^^^^^^^^^^^^^^^^^^^^^^^^^^^^^^^^^^^^^^^^
AssertionError: 200 != 401 : {"status":"rejected","reason":"An exact native source preview and project assignments are required"}

======================================================================
FAIL: test_every_memory_route_requires_a_verified_session_when_host_gate_is_disabled (test_memory_pulse_auth.MemoryPulseAuthTests.test_every_memory_route_requires_a_verified_session_when_host_gate_is_disabled) (method='POST', endpoint='/api/plugins/lifeos-hook-bridge/memory/sharing')
----------------------------------------------------------------------
Traceback (most recent call last):
  File "/home/outsider/Projects/Hermes_agent/LifeOS_plugin/tests/test_memory_pulse_auth.py", line 88, in assert_memory_routes_deny
    self.assertEqual(response.status_code, status, response.text)
    ~~~~~~~~~~~~~~~~^^^^^^^^^^^^^^^^^^^^^^^^^^^^^^^^^^^^^^^^^^^^^
AssertionError: 200 != 401 : {"sharing_enabled":true,"records_deleted":false}

======================================================================
FAIL: test_every_memory_route_requires_a_verified_session_when_host_gate_is_disabled (test_memory_pulse_auth.MemoryPulseAuthTests.test_every_memory_route_requires_a_verified_session_when_host_gate_is_disabled) (method='POST', endpoint='/api/plugins/lifeos-hook-bridge/memory/connections')
----------------------------------------------------------------------
Traceback (most recent call last):
  File "/home/outsider/Projects/Hermes_agent/LifeOS_plugin/tests/test_memory_pulse_auth.py", line 88, in assert_memory_routes_deny
    self.assertEqual(response.status_code, status, response.text)
    ~~~~~~~~~~~~~~~~^^^^^^^^^^^^^^^^^^^^^^^^^^^^^^^^^^^^^^^^^^^^^
AssertionError: 409 != 401 : {"detail":"[Errno 2] No such file or directory: '/tmp/native-memory-gm6p02j_/.ssh'"}

======================================================================
FAIL: test_every_memory_route_requires_a_verified_session_when_host_gate_is_disabled (test_memory_pulse_auth.MemoryPulseAuthTests.test_every_memory_route_requires_a_verified_session_when_host_gate_is_disabled) (method='DELETE', endpoint='/api/plugins/lifeos-hook-bridge/memory/connections/absent-client')
----------------------------------------------------------------------
Traceback (most recent call last):
  File "/home/outsider/Projects/Hermes_agent/LifeOS_plugin/tests/test_memory_pulse_auth.py", line 88, in assert_memory_routes_deny
    self.assertEqual(response.status_code, status, response.text)
    ~~~~~~~~~~~~~~~~^^^^^^^^^^^^^^^^^^^^^^^^^^^^^^^^^^^^^^^^^^^^^
AssertionError: 409 != 401 : {"detail":"[Errno 2] No such file or directory: '/tmp/native-memory-gm6p02j_/.ssh'"}

======================================================================
FAIL: test_every_memory_route_requires_a_verified_session_when_host_gate_is_disabled (test_memory_pulse_auth.MemoryPulseAuthTests.test_every_memory_route_requires_a_verified_session_when_host_gate_is_disabled)
----------------------------------------------------------------------
Traceback (most recent call last):
  File "/home/outsider/Projects/Hermes_agent/LifeOS_plugin/tests/test_memory_pulse_auth.py", line 95, in test_every_memory_route_requires_a_verified_session_when_host_gate_is_disabled
    self.assert_memory_routes_deny(401)
    ~~~~~~~~~~~~~~~~~~~~~~~~~~~~~~^^^^^
  File "/home/outsider/Projects/Hermes_agent/LifeOS_plugin/tests/test_memory_pulse_auth.py", line 91, in assert_memory_routes_deny
    self.assertEqual(self.configuration.path.read_bytes(), before)
    ~~~~~~~~~~~~~~~~^^^^^^^^^^^^^^^^^^^^^^^^^^^^^^^^^^^^^^^^^^^^^^
AssertionError: b'{\n[108 chars]ed": true,\n  "accounts": {\n    "chat-a:100":[478 chars]n}\n' != b'{\n[108 chars]ed": false,\n  "accounts": {\n    "chat-a:100"[479 chars]n}\n'

======================================================================
FAIL: test_every_memory_route_rechecks_revoked_account_binding (test_memory_pulse_auth.MemoryPulseAuthTests.test_every_memory_route_rechecks_revoked_account_binding) (method='GET', endpoint='/api/plugins/lifeos-hook-bridge/memory')
----------------------------------------------------------------------
Traceback (most recent call last):
  File "/home/outsider/Projects/Hermes_agent/LifeOS_plugin/tests/test_memory_pulse_auth.py", line 88, in assert_memory_routes_deny
    self.assertEqual(response.status_code, status, response.text)
    ~~~~~~~~~~~~~~~~^^^^^^^^^^^^^^^^^^^^^^^^^^^^^^^^^^^^^^^^^^^^^
AssertionError: 200 != 403 : {"state":"prepared","ownership_enabled":false,"sharing_enabled":false,"activation_ready":false,"remaining_gates":{"native_proposal_policy":"Native proposals, approval, and retained source coverage","restricted_prompts":"Restricted audiences, scheduled calls, and rendered LifeOS identity context","session_lifecycle":"Child agents, compression, and resumed conversations","ownership_transaction":"Fresh setup, backup, restore, update, and ownership rollback","release_review":"Complete release tests and independent review"},"automatic_review":"Native LifeOS hooks","proposal_review_available":true,"native_health":"ok","active_facts":1,"connections":[]}

======================================================================
FAIL: test_every_memory_route_rechecks_revoked_account_binding (test_memory_pulse_auth.MemoryPulseAuthTests.test_every_memory_route_rechecks_revoked_account_binding) (method='POST', endpoint='/api/plugins/lifeos-hook-bridge/memory/review')
----------------------------------------------------------------------
Traceback (most recent call last):
  File "/home/outsider/Projects/Hermes_agent/LifeOS_plugin/tests/test_memory_pulse_auth.py", line 88, in assert_memory_routes_deny
    self.assertEqual(response.status_code, status, response.text)
    ~~~~~~~~~~~~~~~~^^^^^^^^^^^^^^^^^^^^^^^^^^^^^^^^^^^^^^^^^^^^^
AssertionError: 200 != 403 : {"status":"ok","results":[{"reference":{"id":"02e1cc6007df46e787f235c1cbe4dce9","revision":1},"content":"RULE: Synthetic authenticated PULSE fact","category":"principal","project":"","writer":"local:owner","status":"active","source":{"kind":"explicit","session":"","path":"LIFEOS/USER/PRINCIPAL/PRINCIPAL_MEMORY.md"},"score":2}]}

======================================================================
FAIL: test_every_memory_route_rechecks_revoked_account_binding (test_memory_pulse_auth.MemoryPulseAuthTests.test_every_memory_route_rechecks_revoked_account_binding) (method='POST', endpoint='/api/plugins/lifeos-hook-bridge/memory/adoption/preview')
----------------------------------------------------------------------
Traceback (most recent call last):
  File "/home/outsider/Projects/Hermes_agent/LifeOS_plugin/tests/test_memory_pulse_auth.py", line 88, in assert_memory_routes_deny
    self.assertEqual(response.status_code, status, response.text)
    ~~~~~~~~~~~~~~~~^^^^^^^^^^^^^^^^^^^^^^^^^^^^^^^^^^^^^^^^^^^^^
AssertionError: 200 != 403 : {"signature":"1f5148ba54049c4828a77692eab241510e0542446644bb7b9ad504e53072fe15","records":[],"proposals":[],"excluded":[],"scanned_files":2}

======================================================================
FAIL: test_every_memory_route_rechecks_revoked_account_binding (test_memory_pulse_auth.MemoryPulseAuthTests.test_every_memory_route_rechecks_revoked_account_binding) (method='POST', endpoint='/api/plugins/lifeos-hook-bridge/memory/adoption')
----------------------------------------------------------------------
Traceback (most recent call last):
  File "/home/outsider/Projects/Hermes_agent/LifeOS_plugin/tests/test_memory_pulse_auth.py", line 88, in assert_memory_routes_deny
    self.assertEqual(response.status_code, status, response.text)
    ~~~~~~~~~~~~~~~~^^^^^^^^^^^^^^^^^^^^^^^^^^^^^^^^^^^^^^^^^^^^^
AssertionError: 200 != 403 : {"status":"rejected","reason":"An exact native source preview and project assignments are required"}

======================================================================
FAIL: test_every_memory_route_rechecks_revoked_account_binding (test_memory_pulse_auth.MemoryPulseAuthTests.test_every_memory_route_rechecks_revoked_account_binding) (method='POST', endpoint='/api/plugins/lifeos-hook-bridge/memory/sharing')
----------------------------------------------------------------------
Traceback (most recent call last):
  File "/home/outsider/Projects/Hermes_agent/LifeOS_plugin/tests/test_memory_pulse_auth.py", line 88, in assert_memory_routes_deny
    self.assertEqual(response.status_code, status, response.text)
    ~~~~~~~~~~~~~~~~^^^^^^^^^^^^^^^^^^^^^^^^^^^^^^^^^^^^^^^^^^^^^
AssertionError: 200 != 403 : {"sharing_enabled":true,"records_deleted":false}

======================================================================
FAIL: test_every_memory_route_rechecks_revoked_account_binding (test_memory_pulse_auth.MemoryPulseAuthTests.test_every_memory_route_rechecks_revoked_account_binding) (method='POST', endpoint='/api/plugins/lifeos-hook-bridge/memory/connections')
----------------------------------------------------------------------
Traceback (most recent call last):
  File "/home/outsider/Projects/Hermes_agent/LifeOS_plugin/tests/test_memory_pulse_auth.py", line 88, in assert_memory_routes_deny
    self.assertEqual(response.status_code, status, response.text)
    ~~~~~~~~~~~~~~~~^^^^^^^^^^^^^^^^^^^^^^^^^^^^^^^^^^^^^^^^^^^^^
AssertionError: 409 != 403 : {"detail":"[Errno 2] No such file or directory: '/tmp/native-memory-ak_hi18j/.ssh'"}

======================================================================
FAIL: test_every_memory_route_rechecks_revoked_account_binding (test_memory_pulse_auth.MemoryPulseAuthTests.test_every_memory_route_rechecks_revoked_account_binding) (method='DELETE', endpoint='/api/plugins/lifeos-hook-bridge/memory/connections/absent-client')
----------------------------------------------------------------------
Traceback (most recent call last):
  File "/home/outsider/Projects/Hermes_agent/LifeOS_plugin/tests/test_memory_pulse_auth.py", line 88, in assert_memory_routes_deny
    self.assertEqual(response.status_code, status, response.text)
    ~~~~~~~~~~~~~~~~^^^^^^^^^^^^^^^^^^^^^^^^^^^^^^^^^^^^^^^^^^^^^
AssertionError: 409 != 403 : {"detail":"[Errno 2] No such file or directory: '/tmp/native-memory-ak_hi18j/.ssh'"}

======================================================================
FAIL: test_every_memory_route_rechecks_revoked_account_binding (test_memory_pulse_auth.MemoryPulseAuthTests.test_every_memory_route_rechecks_revoked_account_binding)
----------------------------------------------------------------------
Traceback (most recent call last):
  File "/home/outsider/Projects/Hermes_agent/LifeOS_plugin/tests/test_memory_pulse_auth.py", line 100, in test_every_memory_route_rechecks_revoked_account_binding
    self.assert_memory_routes_deny(403)
    ~~~~~~~~~~~~~~~~~~~~~~~~~~~~~~^^^^^
  File "/home/outsider/Projects/Hermes_agent/LifeOS_plugin/tests/test_memory_pulse_auth.py", line 91, in assert_memory_routes_deny
    self.assertEqual(self.configuration.path.read_bytes(), before)
    ~~~~~~~~~~~~~~~~^^^^^^^^^^^^^^^^^^^^^^^^^^^^^^^^^^^^^^^^^^^^^^
AssertionError: b'{\n[108 chars]ed": true,\n  "accounts": {\n    "chat-a:100":[429 chars]n}\n' != b'{\n[108 chars]ed": false,\n  "accounts": {\n    "chat-a:100"[430 chars]n}\n'

======================================================================
FAIL: test_distinct_authenticated_account_without_binding_cannot_read_or_change_memory (test_memory_pulse_auth.MemoryPulseAuthTests.test_distinct_authenticated_account_without_binding_cannot_read_or_change_memory) (method='GET', endpoint='/api/plugins/lifeos-hook-bridge/memory')
----------------------------------------------------------------------
Traceback (most recent call last):
  File "/home/outsider/Projects/Hermes_agent/LifeOS_plugin/tests/test_memory_pulse_auth.py", line 88, in assert_memory_routes_deny
    self.assertEqual(response.status_code, status, response.text)
    ~~~~~~~~~~~~~~~~^^^^^^^^^^^^^^^^^^^^^^^^^^^^^^^^^^^^^^^^^^^^^
AssertionError: 200 != 403 : {"state":"prepared","ownership_enabled":false,"sharing_enabled":false,"activation_ready":false,"remaining_gates":{"native_proposal_policy":"Native proposals, approval, and retained source coverage","restricted_prompts":"Restricted audiences, scheduled calls, and rendered LifeOS identity context","session_lifecycle":"Child agents, compression, and resumed conversations","ownership_transaction":"Fresh setup, backup, restore, update, and ownership rollback","release_review":"Complete release tests and independent review"},"automatic_review":"Native LifeOS hooks","proposal_review_available":true,"native_health":"ok","active_facts":1,"connections":[]}

======================================================================
FAIL: test_distinct_authenticated_account_without_binding_cannot_read_or_change_memory (test_memory_pulse_auth.MemoryPulseAuthTests.test_distinct_authenticated_account_without_binding_cannot_read_or_change_memory) (method='POST', endpoint='/api/plugins/lifeos-hook-bridge/memory/review')
----------------------------------------------------------------------
Traceback (most recent call last):
  File "/home/outsider/Projects/Hermes_agent/LifeOS_plugin/tests/test_memory_pulse_auth.py", line 88, in assert_memory_routes_deny
    self.assertEqual(response.status_code, status, response.text)
    ~~~~~~~~~~~~~~~~^^^^^^^^^^^^^^^^^^^^^^^^^^^^^^^^^^^^^^^^^^^^^
AssertionError: 200 != 403 : {"status":"ok","results":[{"reference":{"id":"f85efe7d0f904f92b472347a7a304c49","revision":1},"content":"RULE: Synthetic authenticated PULSE fact","category":"principal","project":"","writer":"local:owner","status":"active","source":{"kind":"explicit","session":"","path":"LIFEOS/USER/PRINCIPAL/PRINCIPAL_MEMORY.md"},"score":2}]}

======================================================================
FAIL: test_distinct_authenticated_account_without_binding_cannot_read_or_change_memory (test_memory_pulse_auth.MemoryPulseAuthTests.test_distinct_authenticated_account_without_binding_cannot_read_or_change_memory) (method='POST', endpoint='/api/plugins/lifeos-hook-bridge/memory/adoption/preview')
----------------------------------------------------------------------
Traceback (most recent call last):
  File "/home/outsider/Projects/Hermes_agent/LifeOS_plugin/tests/test_memory_pulse_auth.py", line 88, in assert_memory_routes_deny
    self.assertEqual(response.status_code, status, response.text)
    ~~~~~~~~~~~~~~~~^^^^^^^^^^^^^^^^^^^^^^^^^^^^^^^^^^^^^^^^^^^^^
AssertionError: 200 != 403 : {"signature":"73a48a76f8cc54476732e3d6bae75cb67543a784d93d183f16f7ae12cd50f91e","records":[],"proposals":[],"excluded":[],"scanned_files":2}

======================================================================
FAIL: test_distinct_authenticated_account_without_binding_cannot_read_or_change_memory (test_memory_pulse_auth.MemoryPulseAuthTests.test_distinct_authenticated_account_without_binding_cannot_read_or_change_memory) (method='POST', endpoint='/api/plugins/lifeos-hook-bridge/memory/adoption')
----------------------------------------------------------------------
Traceback (most recent call last):
  File "/home/outsider/Projects/Hermes_agent/LifeOS_plugin/tests/test_memory_pulse_auth.py", line 88, in assert_memory_routes_deny
    self.assertEqual(response.status_code, status, response.text)
    ~~~~~~~~~~~~~~~~^^^^^^^^^^^^^^^^^^^^^^^^^^^^^^^^^^^^^^^^^^^^^
AssertionError: 200 != 403 : {"status":"rejected","reason":"An exact native source preview and project assignments are required"}

======================================================================
FAIL: test_distinct_authenticated_account_without_binding_cannot_read_or_change_memory (test_memory_pulse_auth.MemoryPulseAuthTests.test_distinct_authenticated_account_without_binding_cannot_read_or_change_memory) (method='POST', endpoint='/api/plugins/lifeos-hook-bridge/memory/sharing')
----------------------------------------------------------------------
Traceback (most recent call last):
  File "/home/outsider/Projects/Hermes_agent/LifeOS_plugin/tests/test_memory_pulse_auth.py", line 88, in assert_memory_routes_deny
    self.assertEqual(response.status_code, status, response.text)
    ~~~~~~~~~~~~~~~~^^^^^^^^^^^^^^^^^^^^^^^^^^^^^^^^^^^^^^^^^^^^^
AssertionError: 200 != 403 : {"sharing_enabled":true,"records_deleted":false}

======================================================================
FAIL: test_distinct_authenticated_account_without_binding_cannot_read_or_change_memory (test_memory_pulse_auth.MemoryPulseAuthTests.test_distinct_authenticated_account_without_binding_cannot_read_or_change_memory) (method='POST', endpoint='/api/plugins/lifeos-hook-bridge/memory/connections')
----------------------------------------------------------------------
Traceback (most recent call last):
  File "/home/outsider/Projects/Hermes_agent/LifeOS_plugin/tests/test_memory_pulse_auth.py", line 88, in assert_memory_routes_deny
    self.assertEqual(response.status_code, status, response.text)
    ~~~~~~~~~~~~~~~~^^^^^^^^^^^^^^^^^^^^^^^^^^^^^^^^^^^^^^^^^^^^^
AssertionError: 409 != 403 : {"detail":"[Errno 2] No such file or directory: '/tmp/native-memory-dpup6iew/.ssh'"}

======================================================================
FAIL: test_distinct_authenticated_account_without_binding_cannot_read_or_change_memory (test_memory_pulse_auth.MemoryPulseAuthTests.test_distinct_authenticated_account_without_binding_cannot_read_or_change_memory) (method='DELETE', endpoint='/api/plugins/lifeos-hook-bridge/memory/connections/absent-client')
----------------------------------------------------------------------
Traceback (most recent call last):
  File "/home/outsider/Projects/Hermes_agent/LifeOS_plugin/tests/test_memory_pulse_auth.py", line 88, in assert_memory_routes_deny
    self.assertEqual(response.status_code, status, response.text)
    ~~~~~~~~~~~~~~~~^^^^^^^^^^^^^^^^^^^^^^^^^^^^^^^^^^^^^^^^^^^^^
AssertionError: 409 != 403 : {"detail":"[Errno 2] No such file or directory: '/tmp/native-memory-dpup6iew/.ssh'"}

======================================================================
FAIL: test_distinct_authenticated_account_without_binding_cannot_read_or_change_memory (test_memory_pulse_auth.MemoryPulseAuthTests.test_distinct_authenticated_account_without_binding_cannot_read_or_change_memory)
----------------------------------------------------------------------
Traceback (most recent call last):
  File "/home/outsider/Projects/Hermes_agent/LifeOS_plugin/tests/test_memory_pulse_auth.py", line 110, in test_distinct_authenticated_account_without_binding_cannot_read_or_change_memory
    self.assert_memory_routes_deny(403)
    ~~~~~~~~~~~~~~~~~~~~~~~~~~~~~~^^^^^
  File "/home/outsider/Projects/Hermes_agent/LifeOS_plugin/tests/test_memory_pulse_auth.py", line 91, in assert_memory_routes_deny
    self.assertEqual(self.configuration.path.read_bytes(), before)
    ~~~~~~~~~~~~~~~~^^^^^^^^^^^^^^^^^^^^^^^^^^^^^^^^^^^^^^^^^^^^^^
AssertionError: b'{\n[108 chars]ed": true,\n  "accounts": {\n    "chat-a:100":[478 chars]n}\n' != b'{\n[108 chars]ed": false,\n  "accounts": {\n    "chat-a:100"[479 chars]n}\n'

======================================================================
FAIL: test_revoked_owner_cannot_forget_a_native_fact (test_memory_pulse_auth.MemoryPulseAuthTests.test_revoked_owner_cannot_forget_a_native_fact)
----------------------------------------------------------------------
Traceback (most recent call last):
  File "/home/outsider/Projects/Hermes_agent/LifeOS_plugin/tests/test_memory_pulse_auth.py", line 121, in test_revoked_owner_cannot_forget_a_native_fact
    self.assertEqual(response.status_code, 403, response.text)
    ~~~~~~~~~~~~~~~~^^^^^^^^^^^^^^^^^^^^^^^^^^^^^^^^^^^^^^^^^^
AssertionError: 200 != 403 : {"status":"committed","reference":{"id":"394b57b26e134246897dedf236fa85ff","revision":2},"retained":["native history","audit evidence","backups","conversation history","development logs"],"writer":"dashboard:owner","request_id":"revoked-owner-forget"}

----------------------------------------------------------------------
Ran 4 tests in 3.523s

FAILED (failures=25)
