test_direct_native_set_cannot_silently_drop_invalid_replacements (test_memory_curation.MemoryCurationTests.test_direct_native_set_cannot_silently_drop_invalid_replacements) ... ok
test_explicit_hot_remember_requires_read_and_write_grants (test_memory_curation.MemoryCurationTests.test_explicit_hot_remember_requires_read_and_write_grants) ... FAIL
test_explicit_remember_after_adoption_preserves_native_refs_and_provenance (test_memory_curation.MemoryCurationTests.test_explicit_remember_after_adoption_preserves_native_refs_and_provenance) ... ok
test_explicit_remember_refuses_out_of_band_addition_and_changed_record (test_memory_curation.MemoryCurationTests.test_explicit_remember_refuses_out_of_band_addition_and_changed_record) ... 
  test_explicit_remember_refuses_out_of_band_addition_and_changed_record (test_memory_curation.MemoryCurationTests.test_explicit_remember_refuses_out_of_band_addition_and_changed_record) (content='RULE: Synthetic acknowledged addition') ... FAIL
  test_explicit_remember_refuses_out_of_band_addition_and_changed_record (test_memory_curation.MemoryCurationTests.test_explicit_remember_refuses_out_of_band_addition_and_changed_record) (content='RULE: Synthetic adopted control') ... FAIL
test_explicit_remember_refuses_out_of_band_addition_and_changed_record (test_memory_curation.MemoryCurationTests.test_explicit_remember_refuses_out_of_band_addition_and_changed_record) ... FAIL
test_explicit_remember_refuses_unadopted_hot_entries_without_changing_bytes (test_memory_curation.MemoryCurationTests.test_explicit_remember_refuses_unadopted_hot_entries_without_changing_bytes) ... 
  test_explicit_remember_refuses_unadopted_hot_entries_without_changing_bytes (test_memory_curation.MemoryCurationTests.test_explicit_remember_refuses_unadopted_hot_entries_without_changing_bytes) (category='principal') ... FAIL
  test_explicit_remember_refuses_unadopted_hot_entries_without_changing_bytes (test_memory_curation.MemoryCurationTests.test_explicit_remember_refuses_unadopted_hot_entries_without_changing_bytes) (category='assistant') ... FAIL
test_forgotten_fact_cannot_return_with_changed_prefix_or_provenance (test_memory_curation.MemoryCurationTests.test_forgotten_fact_cannot_return_with_changed_prefix_or_provenance) ... ok
test_native_add_and_full_curation_preserve_current_references (test_memory_curation.MemoryCurationTests.test_native_add_and_full_curation_preserve_current_references) ... ok
test_stale_native_reviewer_cannot_overwrite_an_acknowledged_fact (test_memory_curation.MemoryCurationTests.test_stale_native_reviewer_cannot_overwrite_an_acknowledged_fact) ... ok

======================================================================
FAIL: test_explicit_hot_remember_requires_read_and_write_grants (test_memory_curation.MemoryCurationTests.test_explicit_hot_remember_requires_read_and_write_grants)
----------------------------------------------------------------------
Traceback (most recent call last):
  File "/home/outsider/Projects/Hermes_agent/LifeOS_plugin/tests/test_memory_curation.py", line 113, in test_explicit_hot_remember_requires_read_and_write_grants
    self.assertEqual(result['status'], 'rejected', result)
    ~~~~~~~~~~~~~~~~^^^^^^^^^^^^^^^^^^^^^^^^^^^^^^^^^^^^^^
AssertionError: 'committed' != 'rejected'
- committed
+ rejected
 : {'status': 'committed', 'reference': {'id': '5c060774d57a4f13a5cb01123874a896', 'revision': 1}, 'source': {'kind': 'explicit', 'session': ''}, 'writer': 'local:owner', 'request_id': 'blind-append'}

======================================================================
FAIL: test_explicit_remember_refuses_out_of_band_addition_and_changed_record (test_memory_curation.MemoryCurationTests.test_explicit_remember_refuses_out_of_band_addition_and_changed_record) (content='RULE: Synthetic acknowledged addition')
----------------------------------------------------------------------
Traceback (most recent call last):
  File "/home/outsider/Projects/Hermes_agent/LifeOS_plugin/tests/test_memory_curation.py", line 80, in test_explicit_remember_refuses_out_of_band_addition_and_changed_record
    self.assertEqual(result['status'], 'conflict', result)
    ~~~~~~~~~~~~~~~~^^^^^^^^^^^^^^^^^^^^^^^^^^^^^^^^^^^^^^
AssertionError: 'committed' != 'conflict'
- committed
+ conflict
 : {'status': 'committed', 'reference': {'id': 'dcbc00a814f9481687d2f4769050bb24', 'revision': 1}, 'source': {'kind': 'explicit', 'session': ''}, 'writer': 'local:owner', 'request_id': 'outside-RULE: Synthetic acknowledged addition'}

======================================================================
FAIL: test_explicit_remember_refuses_out_of_band_addition_and_changed_record (test_memory_curation.MemoryCurationTests.test_explicit_remember_refuses_out_of_band_addition_and_changed_record) (content='RULE: Synthetic adopted control')
----------------------------------------------------------------------
Traceback (most recent call last):
  File "/home/outsider/Projects/Hermes_agent/LifeOS_plugin/tests/test_memory_curation.py", line 80, in test_explicit_remember_refuses_out_of_band_addition_and_changed_record
    self.assertEqual(result['status'], 'conflict', result)
    ~~~~~~~~~~~~~~~~^^^^^^^^^^^^^^^^^^^^^^^^^^^^^^^^^^^^^^
AssertionError: 'unchanged' != 'conflict'
- unchanged
+ conflict
 : {'status': 'unchanged', 'reference': {'id': '67de78c20486477592457cc50f263f89', 'revision': 1}, 'source': {'kind': 'explicit', 'session': ''}, 'writer': 'local:owner', 'request_id': 'outside-RULE: Synthetic adopted control'}

======================================================================
FAIL: test_explicit_remember_refuses_out_of_band_addition_and_changed_record (test_memory_curation.MemoryCurationTests.test_explicit_remember_refuses_out_of_band_addition_and_changed_record)
----------------------------------------------------------------------
Traceback (most recent call last):
  File "/home/outsider/Projects/Hermes_agent/LifeOS_plugin/tests/test_memory_curation.py", line 85, in test_explicit_remember_refuses_out_of_band_addition_and_changed_record
    self.assertEqual(result['status'], 'conflict', result)
    ~~~~~~~~~~~~~~~~^^^^^^^^^^^^^^^^^^^^^^^^^^^^^^^^^^^^^^
AssertionError: 'committed' != 'conflict'
- committed
+ conflict
 : {'status': 'committed', 'reference': {'id': '05b1e82131ff4e7bb9affba149419f01', 'revision': 1}, 'source': {'kind': 'explicit', 'session': ''}, 'writer': 'local:owner', 'request_id': 'changed-store'}

======================================================================
FAIL: test_explicit_remember_refuses_unadopted_hot_entries_without_changing_bytes (test_memory_curation.MemoryCurationTests.test_explicit_remember_refuses_unadopted_hot_entries_without_changing_bytes) (category='principal')
----------------------------------------------------------------------
Traceback (most recent call last):
  File "/home/outsider/Projects/Hermes_agent/LifeOS_plugin/tests/test_memory_curation.py", line 67, in test_explicit_remember_refuses_unadopted_hot_entries_without_changing_bytes
    self.assertEqual(saved['status'], 'conflict', saved)
    ~~~~~~~~~~~~~~~~^^^^^^^^^^^^^^^^^^^^^^^^^^^^^^^^^^^^
AssertionError: 'committed' != 'conflict'
- committed
+ conflict
 : {'status': 'committed', 'reference': {'id': '48bdea7758d3473286c9f87c4c9eee40', 'revision': 1}, 'source': {'kind': 'explicit', 'session': ''}, 'writer': 'local:owner', 'request_id': 'unadopted-principal'}

======================================================================
FAIL: test_explicit_remember_refuses_unadopted_hot_entries_without_changing_bytes (test_memory_curation.MemoryCurationTests.test_explicit_remember_refuses_unadopted_hot_entries_without_changing_bytes) (category='assistant')
----------------------------------------------------------------------
Traceback (most recent call last):
  File "/home/outsider/Projects/Hermes_agent/LifeOS_plugin/tests/test_memory_curation.py", line 67, in test_explicit_remember_refuses_unadopted_hot_entries_without_changing_bytes
    self.assertEqual(saved['status'], 'conflict', saved)
    ~~~~~~~~~~~~~~~~^^^^^^^^^^^^^^^^^^^^^^^^^^^^^^^^^^^^
AssertionError: 'committed' != 'conflict'
- committed
+ conflict
 : {'status': 'committed', 'reference': {'id': '05fbde90e82a4620a4fca4b77013717a', 'revision': 1}, 'source': {'kind': 'explicit', 'session': ''}, 'writer': 'local:owner', 'request_id': 'unadopted-assistant'}

----------------------------------------------------------------------
Ran 8 tests in 7.646s

FAILED (failures=6)
