test_direct_native_set_cannot_silently_drop_invalid_replacements (test_memory_curation.MemoryCurationTests.test_direct_native_set_cannot_silently_drop_invalid_replacements) ... ok
test_explicit_hot_remember_requires_read_and_write_grants (test_memory_curation.MemoryCurationTests.test_explicit_hot_remember_requires_read_and_write_grants) ... ok
test_explicit_remember_after_adoption_preserves_native_refs_and_provenance (test_memory_curation.MemoryCurationTests.test_explicit_remember_after_adoption_preserves_native_refs_and_provenance) ... ok
test_explicit_remember_refuses_out_of_band_addition_and_changed_record (test_memory_curation.MemoryCurationTests.test_explicit_remember_refuses_out_of_band_addition_and_changed_record) ... ok
test_explicit_remember_refuses_unadopted_hot_entries_without_changing_bytes (test_memory_curation.MemoryCurationTests.test_explicit_remember_refuses_unadopted_hot_entries_without_changing_bytes) ... ok
test_forgotten_fact_cannot_return_with_changed_prefix_or_provenance (test_memory_curation.MemoryCurationTests.test_forgotten_fact_cannot_return_with_changed_prefix_or_provenance) ... ok
test_native_add_and_full_curation_preserve_current_references (test_memory_curation.MemoryCurationTests.test_native_add_and_full_curation_preserve_current_references) ... ok
test_stale_native_reviewer_cannot_overwrite_an_acknowledged_fact (test_memory_curation.MemoryCurationTests.test_stale_native_reviewer_cannot_overwrite_an_acknowledged_fact) ... ok
test_changed_section_cannot_keep_an_obsolete_prefix_active (test_memory_native.NativeMemoryTests.test_changed_section_cannot_keep_an_obsolete_prefix_active) ... ok
test_changed_section_cannot_resolve_to_retained_quotations (test_memory_native.NativeMemoryTests.test_changed_section_cannot_resolve_to_retained_quotations) ... ok
test_concurrent_native_writes_do_not_lose_acknowledged_facts (test_memory_native.NativeMemoryTests.test_concurrent_native_writes_do_not_lose_acknowledged_facts) ... ok
test_conflict_retry_reports_the_same_outcome (test_memory_native.NativeMemoryTests.test_conflict_retry_reports_the_same_outcome) ... ok
test_correct_and_forget_exclude_retained_claims (test_memory_native.NativeMemoryTests.test_correct_and_forget_exclude_retained_claims) ... ok
test_correction_cannot_reactivate_forgotten_text (test_memory_native.NativeMemoryTests.test_correction_cannot_reactivate_forgotten_text) ... ok
test_correction_to_existing_hot_fact_keeps_one_reference (test_memory_native.NativeMemoryTests.test_correction_to_existing_hot_fact_keeps_one_reference) ... ok
test_crash_before_journal_cannot_leave_an_unknown_reservation (test_memory_native.NativeMemoryTests.test_crash_before_journal_cannot_leave_an_unknown_reservation) ... ok
test_hot_correction_validates_before_mutation (test_memory_native.NativeMemoryTests.test_hot_correction_validates_before_mutation) ... ok
test_hot_project_metadata_cannot_create_aliases (test_memory_native.NativeMemoryTests.test_hot_project_metadata_cannot_create_aliases) ... ok
test_interrupted_native_publication_recovers_before_retry (test_memory_native.NativeMemoryTests.test_interrupted_native_publication_recovers_before_retry) ... ok
test_invalid_hot_entry_is_not_reported_saved (test_memory_native.NativeMemoryTests.test_invalid_hot_entry_is_not_reported_saved) ... ok
test_native_child_holds_recovery_lock_after_parent_dies (test_memory_native.NativeMemoryTests.test_native_child_holds_recovery_lock_after_parent_dies) ... ok
test_native_ranking_uses_only_the_authorized_corpus (test_memory_native.NativeMemoryTests.test_native_ranking_uses_only_the_authorized_corpus) ... ok
test_native_write_and_recall_share_the_authoritative_record (test_memory_native.NativeMemoryTests.test_native_write_and_recall_share_the_authoritative_record) ... ok
test_private_title_is_rejected_before_native_routing (test_memory_native.NativeMemoryTests.test_private_title_is_rejected_before_native_routing) ... ok
test_reader_cannot_write_and_project_grant_excludes_hot_memory (test_memory_native.NativeMemoryTests.test_reader_cannot_write_and_project_grant_excludes_hot_memory) ... ok
test_reference_binds_body_when_title_contains_the_same_text (test_memory_native.NativeMemoryTests.test_reference_binds_body_when_title_contains_the_same_text) ... ok
test_rejected_physical_user_boundary_is_explicit (test_memory_native.NativeMemoryTests.test_rejected_physical_user_boundary_is_explicit) ... ok
test_reordered_hot_entries_keep_their_saved_reference (test_memory_native.NativeMemoryTests.test_reordered_hot_entries_keep_their_saved_reference) ... ok
test_retry_is_idempotent_and_changed_request_is_rejected (test_memory_native.NativeMemoryTests.test_retry_is_idempotent_and_changed_request_is_rejected) ... ok
test_user_heading_does_not_act_as_a_native_append_boundary (test_memory_native.NativeMemoryTests.test_user_heading_does_not_act_as_a_native_append_boundary) ... ok
test_adoption_does_not_reactivate_forgotten_native_sections (test_memory_adoption.MemoryAdoptionTests.test_adoption_does_not_reactivate_forgotten_native_sections) ... ok
test_adoption_keeps_native_files_and_truthful_unknown_provenance (test_memory_adoption.MemoryAdoptionTests.test_adoption_keeps_native_files_and_truthful_unknown_provenance) ... ok
test_discovery_does_not_drop_learning_notes_after_hot_limit (test_memory_adoption.MemoryAdoptionTests.test_discovery_does_not_drop_learning_notes_after_hot_limit) ... ok
test_hot_quotation_of_forgotten_claim_is_not_adopted (test_memory_adoption.MemoryAdoptionTests.test_hot_quotation_of_forgotten_claim_is_not_adopted) ... ok
test_learning_body_reference_excludes_frontmatter_and_preserves_spaces (test_memory_adoption.MemoryAdoptionTests.test_learning_body_reference_excludes_frontmatter_and_preserves_spaces) ... ok
test_learning_correction_recovers_new_destination_after_process_interruption (test_memory_adoption.MemoryAdoptionTests.test_learning_correction_recovers_new_destination_after_process_interruption) ... ok
test_learning_notes_remain_historical_and_can_be_corrected (test_memory_adoption.MemoryAdoptionTests.test_learning_notes_remain_historical_and_can_be_corrected) ... ok
test_malformed_hot_markers_are_reported_without_exposing_entries (test_memory_adoption.MemoryAdoptionTests.test_malformed_hot_markers_are_reported_without_exposing_entries) ... ok
test_native_appended_sections_have_distinct_stable_references (test_memory_adoption.MemoryAdoptionTests.test_native_appended_sections_have_distinct_stable_references) ... ok
test_pending_native_proposal_adoption_preserves_approval_checks (test_memory_adoption.MemoryAdoptionTests.test_pending_native_proposal_adoption_preserves_approval_checks) ... ok
test_private_markup_and_invalid_native_notes_are_excluded_from_preview (test_memory_adoption.MemoryAdoptionTests.test_private_markup_and_invalid_native_notes_are_excluded_from_preview) ... ok
test_restricted_reader_cannot_adopt_or_preview_owner_sources (test_memory_adoption.MemoryAdoptionTests.test_restricted_reader_cannot_adopt_or_preview_owner_sources) ... ok
test_source_mtime_changes_cannot_adopt_unpreviewed_learning (test_memory_adoption.MemoryAdoptionTests.test_source_mtime_changes_cannot_adopt_unpreviewed_learning) ... ok
test_stale_preview_never_indexes_changed_native_content (test_memory_adoption.MemoryAdoptionTests.test_stale_preview_never_indexes_changed_native_content) ... ok
test_unknown_native_project_assignment_is_private_until_owner_classifies_it (test_memory_adoption.MemoryAdoptionTests.test_unknown_native_project_assignment_is_private_until_owner_classifies_it) ... ok
test_wrapped_forgotten_claim_cannot_return_through_archive_adoption (test_memory_adoption.MemoryAdoptionTests.test_wrapped_forgotten_claim_cannot_return_through_archive_adoption) ... ok
test_denied_correct_and_forget_do_not_read_category_or_project_sources (test_memory_authorization.MemoryAuthorizationTests.test_denied_correct_and_forget_do_not_read_category_or_project_sources) ... ok
test_stale_correct_and_forget_do_not_read_sources_before_refusal (test_memory_authorization.MemoryAuthorizationTests.test_stale_correct_and_forget_do_not_read_sources_before_refusal) ... ok

----------------------------------------------------------------------
Ran 48 tests in 49.989s

OK
