test_changed_section_cannot_keep_an_obsolete_prefix_active (test_memory_native.NativeMemoryTests.test_changed_section_cannot_keep_an_obsolete_prefix_active) ... ok
test_changed_section_cannot_resolve_to_retained_quotations (test_memory_native.NativeMemoryTests.test_changed_section_cannot_resolve_to_retained_quotations) ... ok
test_concurrent_native_writes_do_not_lose_acknowledged_facts (test_memory_native.NativeMemoryTests.test_concurrent_native_writes_do_not_lose_acknowledged_facts) ... ok
test_conflict_retry_reports_the_same_outcome (test_memory_native.NativeMemoryTests.test_conflict_retry_reports_the_same_outcome) ... ok
test_correct_and_forget_exclude_retained_claims (test_memory_native.NativeMemoryTests.test_correct_and_forget_exclude_retained_claims) ... ok
test_correction_cannot_reactivate_forgotten_text (test_memory_native.NativeMemoryTests.test_correction_cannot_reactivate_forgotten_text) ... ok
test_correction_to_existing_hot_fact_keeps_one_reference (test_memory_native.NativeMemoryTests.test_correction_to_existing_hot_fact_keeps_one_reference) ... ok
test_crash_before_journal_cannot_leave_an_unknown_reservation (test_memory_native.NativeMemoryTests.test_crash_before_journal_cannot_leave_an_unknown_reservation) ... ok
test_hot_correction_validates_before_mutation (test_memory_native.NativeMemoryTests.test_hot_correction_validates_before_mutation) ... ok
test_hot_project_metadata_cannot_create_aliases (test_memory_native.NativeMemoryTests.test_hot_project_metadata_cannot_create_aliases) ... ok
test_interrupted_native_publication_recovers_before_retry (test_memory_native.NativeMemoryTests.test_interrupted_native_publication_recovers_before_retry) ... ok
test_invalid_hot_entry_is_not_reported_saved (test_memory_native.NativeMemoryTests.test_invalid_hot_entry_is_not_reported_saved) ... ok
test_native_child_holds_recovery_lock_after_parent_dies (test_memory_native.NativeMemoryTests.test_native_child_holds_recovery_lock_after_parent_dies) ... ok
test_native_ranking_uses_only_the_authorized_corpus (test_memory_native.NativeMemoryTests.test_native_ranking_uses_only_the_authorized_corpus) ... ok
test_native_write_and_recall_share_the_authoritative_record (test_memory_native.NativeMemoryTests.test_native_write_and_recall_share_the_authoritative_record) ... ok
test_private_title_is_rejected_before_native_routing (test_memory_native.NativeMemoryTests.test_private_title_is_rejected_before_native_routing) ... ok
test_reader_cannot_write_and_project_grant_excludes_hot_memory (test_memory_native.NativeMemoryTests.test_reader_cannot_write_and_project_grant_excludes_hot_memory) ... ok
test_reference_binds_body_when_title_contains_the_same_text (test_memory_native.NativeMemoryTests.test_reference_binds_body_when_title_contains_the_same_text) ... ok
test_rejected_physical_user_boundary_is_explicit (test_memory_native.NativeMemoryTests.test_rejected_physical_user_boundary_is_explicit) ... ok
test_reordered_hot_entries_keep_their_saved_reference (test_memory_native.NativeMemoryTests.test_reordered_hot_entries_keep_their_saved_reference) ... ok
test_retry_is_idempotent_and_changed_request_is_rejected (test_memory_native.NativeMemoryTests.test_retry_is_idempotent_and_changed_request_is_rejected) ... ok
test_user_heading_does_not_act_as_a_native_append_boundary (test_memory_native.NativeMemoryTests.test_user_heading_does_not_act_as_a_native_append_boundary) ... ok
test_direct_native_set_cannot_silently_drop_invalid_replacements (test_memory_curation.MemoryCurationTests.test_direct_native_set_cannot_silently_drop_invalid_replacements) ... ok
test_explicit_hot_remember_requires_read_and_write_grants (test_memory_curation.MemoryCurationTests.test_explicit_hot_remember_requires_read_and_write_grants) ... ok
test_explicit_remember_after_adoption_preserves_native_refs_and_provenance (test_memory_curation.MemoryCurationTests.test_explicit_remember_after_adoption_preserves_native_refs_and_provenance) ... ok
test_explicit_remember_refuses_out_of_band_addition_and_changed_record (test_memory_curation.MemoryCurationTests.test_explicit_remember_refuses_out_of_band_addition_and_changed_record) ... ok
test_explicit_remember_refuses_unadopted_hot_entries_without_changing_bytes (test_memory_curation.MemoryCurationTests.test_explicit_remember_refuses_unadopted_hot_entries_without_changing_bytes) ... ok
test_forgotten_fact_cannot_return_with_changed_prefix_or_provenance (test_memory_curation.MemoryCurationTests.test_forgotten_fact_cannot_return_with_changed_prefix_or_provenance) ... ok
test_native_add_and_full_curation_preserve_current_references (test_memory_curation.MemoryCurationTests.test_native_add_and_full_curation_preserve_current_references) ... ok
test_stale_native_reviewer_cannot_overwrite_an_acknowledged_fact (test_memory_curation.MemoryCurationTests.test_stale_native_reviewer_cannot_overwrite_an_acknowledged_fact) ... ok
test_atomic_configuration_updates_preserve_revocation_and_other_changes (test_memory_service.MemoryServiceTests.test_atomic_configuration_updates_preserve_revocation_and_other_changes) ... ok
test_client_reads_the_same_native_fact_and_revocation_applies_immediately (test_memory_service.MemoryServiceTests.test_client_reads_the_same_native_fact_and_revocation_applies_immediately) ... ok
test_configuration_is_private_and_rejects_identity_write_enrollment (test_memory_service.MemoryServiceTests.test_configuration_is_private_and_rejects_identity_write_enrollment) ... ok
test_corrupt_metadata_is_reported_unavailable_by_status_and_reads (test_memory_service.MemoryServiceTests.test_corrupt_metadata_is_reported_unavailable_by_status_and_reads) ... ok
test_get_obeys_current_revision_and_category_grants (test_memory_service.MemoryServiceTests.test_get_obeys_current_revision_and_category_grants) ... ok
test_invalid_update_preserves_the_previous_configuration (test_memory_service.MemoryServiceTests.test_invalid_update_preserves_the_previous_configuration) ... ok
test_one_request_cannot_mix_a_grant_and_a_different_root (test_memory_service.MemoryServiceTests.test_one_request_cannot_mix_a_grant_and_a_different_root) ... ok
test_project_write_grant_cannot_change_principal_memory (test_memory_service.MemoryServiceTests.test_project_write_grant_cannot_change_principal_memory) ... ok
test_sharing_starts_disabled_and_caller_arguments_cannot_grant_access (test_memory_service.MemoryServiceTests.test_sharing_starts_disabled_and_caller_arguments_cannot_grant_access) ... ok
test_auto_application_requires_its_own_grant_and_native_threshold (test_memory_proposals.MemoryProposalTests.test_auto_application_requires_its_own_grant_and_native_threshold) ... ok
test_client_creation_and_owner_approval_have_separate_grants (test_memory_proposals.MemoryProposalTests.test_client_creation_and_owner_approval_have_separate_grants) ... ok
test_creator_cannot_approve_and_stale_target_does_not_overwrite (test_memory_proposals.MemoryProposalTests.test_creator_cannot_approve_and_stale_target_does_not_overwrite) ... ok
test_dangling_upgrade_state_symlink_does_not_publish_outside_user_data (test_memory_proposals.MemoryProposalTests.test_dangling_upgrade_state_symlink_does_not_publish_outside_user_data) ... ok
test_decision_receipts_do_not_duplicate_native_proposal_text (test_memory_proposals.MemoryProposalTests.test_decision_receipts_do_not_duplicate_native_proposal_text) ... ok
test_distinct_diverted_claims_never_replace_an_acknowledged_record (test_memory_proposals.MemoryProposalTests.test_distinct_diverted_claims_never_replace_an_acknowledged_record) ... ok
test_edit_and_applied_elsewhere_use_native_decisions (test_memory_proposals.MemoryProposalTests.test_edit_and_applied_elsewhere_use_native_decisions) ... ok
test_enqueue_reports_pending_not_committed_and_has_native_reference (test_memory_proposals.MemoryProposalTests.test_enqueue_reports_pending_not_committed_and_has_native_reference) ... ok
test_fact_write_grant_does_not_grant_proposal_creation (test_memory_proposals.MemoryProposalTests.test_fact_write_grant_does_not_grant_proposal_creation) ... ok
test_interrupted_diversion_removes_uncommitted_files_and_can_retry (test_memory_proposals.MemoryProposalTests.test_interrupted_diversion_removes_uncommitted_files_and_can_retry) ... ok
test_invalid_and_private_proposal_text_is_not_enqueued (test_memory_proposals.MemoryProposalTests.test_invalid_and_private_proposal_text_is_not_enqueued) ... ok
test_native_accept_and_reject_keep_the_queue_state_truthful (test_memory_proposals.MemoryProposalTests.test_native_accept_and_reject_keep_the_queue_state_truthful) ... ok
test_native_project_diversion_is_not_reported_as_queued (test_memory_proposals.MemoryProposalTests.test_native_project_diversion_is_not_reported_as_queued) ... ok
test_proposal_review_requires_an_explicit_permission (test_memory_proposals.MemoryProposalTests.test_proposal_review_requires_an_explicit_permission) ... ok
test_proposals_cannot_recreate_a_forgotten_fact (test_memory_proposals.MemoryProposalTests.test_proposals_cannot_recreate_a_forgotten_fact) ... ok
test_resolution_notes_use_native_text_validation (test_memory_proposals.MemoryProposalTests.test_resolution_notes_use_native_text_validation) ... ok
test_diagnostic_file_redirect_refuses_secret_and_preserves_unavailable_state (test_memory_diagnostics.MemoryDiagnosticTests.test_diagnostic_file_redirect_refuses_secret_and_preserves_unavailable_state) ... ok
test_extreme_number_is_omitted_without_crashing_current_run (test_memory_diagnostics.MemoryDiagnosticTests.test_extreme_number_is_omitted_without_crashing_current_run) ... ok
test_genuine_escaped_proposal_history_fits_actual_connector_response (test_memory_diagnostics.MemoryDiagnosticTests.test_genuine_escaped_proposal_history_fits_actual_connector_response) ... ok
test_insights_retains_full_requested_window_beyond_delta_tail (test_memory_diagnostics.MemoryDiagnosticTests.test_insights_retains_full_requested_window_beyond_delta_tail) ... ok
test_invalid_connector_refuses_diagnostics_without_raw_fallback (test_memory_diagnostics.MemoryDiagnosticTests.test_invalid_connector_refuses_diagnostics_without_raw_fallback) ... ok
test_latest_invalid_reviewer_row_does_not_replay_previous_success (test_memory_diagnostics.MemoryDiagnosticTests.test_latest_invalid_reviewer_row_does_not_replay_previous_success) ... ok
test_long_genuine_native_proposal_keeps_its_display_sample_and_id (test_memory_diagnostics.MemoryDiagnosticTests.test_long_genuine_native_proposal_keeps_its_display_sample_and_id) ... ok
test_malformed_diagnostic_values_cannot_crash_or_print_object_contents (test_memory_diagnostics.MemoryDiagnosticTests.test_malformed_diagnostic_values_cannot_crash_or_print_object_contents) ... ok
test_missing_context_refuses_diagnostics_and_reports_unavailability (test_memory_diagnostics.MemoryDiagnosticTests.test_missing_context_refuses_diagnostics_and_reports_unavailability) ... ok
test_missing_empty_and_object_edits_report_unavailable_details (test_memory_diagnostics.MemoryDiagnosticTests.test_missing_empty_and_object_edits_report_unavailable_details) ... ok
test_native_proposal_subtypes_and_terminal_counts_keep_their_meaning (test_memory_diagnostics.MemoryDiagnosticTests.test_native_proposal_subtypes_and_terminal_counts_keep_their_meaning) ... ok
test_owner_insights_preserves_latency_counts_and_current_sample (test_memory_diagnostics.MemoryDiagnosticTests.test_owner_insights_preserves_latency_counts_and_current_sample) ... ok
test_owner_status_preserves_current_operational_fields (test_memory_diagnostics.MemoryDiagnosticTests.test_owner_status_preserves_current_operational_fields) ... ok
test_restricted_or_changed_context_cannot_read_diagnostic_counts (test_memory_diagnostics.MemoryDiagnosticTests.test_restricted_or_changed_context_cannot_read_diagnostic_counts) ... ok
test_retired_claim_after_display_prefix_still_excludes_whole_sample (test_memory_diagnostics.MemoryDiagnosticTests.test_retired_claim_after_display_prefix_still_excludes_whole_sample) ... ok
test_retired_diagnostic_text_is_excluded_but_failure_count_remains (test_memory_diagnostics.MemoryDiagnosticTests.test_retired_diagnostic_text_is_excluded_but_failure_count_remains) ... ok
test_retired_proposal_samples_do_not_remove_queue_statistics (test_memory_diagnostics.MemoryDiagnosticTests.test_retired_proposal_samples_do_not_remove_queue_statistics) ... ok
test_review_state_discards_arbitrary_strings_and_preserves_typed_values (test_memory_diagnostics.MemoryDiagnosticTests.test_review_state_discards_arbitrary_strings_and_preserves_typed_values) ... ok
test_safe_numeric_growth_and_health_stay_available_after_retirement (test_memory_diagnostics.MemoryDiagnosticTests.test_safe_numeric_growth_and_health_stay_available_after_retirement) ... ok
test_unmanaged_insights_keeps_native_proposal_sample (test_memory_diagnostics.MemoryDiagnosticTests.test_unmanaged_insights_keeps_native_proposal_sample) ... ok
test_unmanaged_status_keeps_native_raw_diagnostic_behavior (test_memory_diagnostics.MemoryDiagnosticTests.test_unmanaged_status_keeps_native_raw_diagnostic_behavior) ... ok
test_declared_health_detail_fields_do_not_exempt_nested_content_keys (test_memory_cortex_health.MemoryCortexHealthTests.test_declared_health_detail_fields_do_not_exempt_nested_content_keys) ... ok
test_diagnostic_rpc_refuses_requests_above_three_mebibytes_cleanly (test_memory_cortex_health.MemoryCortexHealthTests.test_diagnostic_rpc_refuses_requests_above_three_mebibytes_cleanly) ... ok
test_enum_exemption_does_not_apply_inside_error_or_detail_content (test_memory_cortex_health.MemoryCortexHealthTests.test_enum_exemption_does_not_apply_inside_error_or_detail_content) ... ok
test_explicit_other_root_cannot_bypass_managed_memory (test_memory_cortex_health.MemoryCortexHealthTests.test_explicit_other_root_cannot_bypass_managed_memory) ... ok
test_final_health_report_excludes_retired_state_strings_before_writing (test_memory_cortex_health.MemoryCortexHealthTests.test_final_health_report_excludes_retired_state_strings_before_writing) ... ok
test_final_health_report_filters_retired_invalid_entry_without_losing_warning (test_memory_cortex_health.MemoryCortexHealthTests.test_final_health_report_filters_retired_invalid_entry_without_losing_warning) ... ok
test_index_directory_redirect_cannot_become_memory_evidence (test_memory_cortex_health.MemoryCortexHealthTests.test_index_directory_redirect_cannot_become_memory_evidence) ... ok
test_json_encoded_retired_error_is_excluded_before_diagnostic_delivery (test_memory_cortex_health.MemoryCortexHealthTests.test_json_encoded_retired_error_is_excluded_before_diagnostic_delivery) ... ok
test_large_invalid_hot_report_preserves_all_native_warnings_under_deadline (test_memory_cortex_health.MemoryCortexHealthTests.test_large_invalid_hot_report_preserves_all_native_warnings_under_deadline) ... ok
test_malformed_latest_reviewer_keeps_invalid_status_without_undefined_shape_failure (test_memory_cortex_health.MemoryCortexHealthTests.test_malformed_latest_reviewer_keeps_invalid_status_without_undefined_shape_failure) ... ok
test_malformed_reviewer_preserves_parse_failure_and_line_numbers (test_memory_cortex_health.MemoryCortexHealthTests.test_malformed_reviewer_preserves_parse_failure_and_line_numbers) ... ok
test_managed_invalid_clock_is_unavailable_without_publication (test_memory_cortex_health.MemoryCortexHealthTests.test_managed_invalid_clock_is_unavailable_without_publication) ... ok
test_missing_context_refuses_all_cortex_evidence (test_memory_cortex_health.MemoryCortexHealthTests.test_missing_context_refuses_all_cortex_evidence) ... ok
test_missing_identity_does_not_publish_health_as_a_new_diagnostic (test_memory_cortex_health.MemoryCortexHealthTests.test_missing_identity_does_not_publish_health_as_a_new_diagnostic) ... ok
test_native_cortex_assessment_evidence_preserves_retired_schema_field_names (test_memory_cortex_health.MemoryCortexHealthTests.test_native_cortex_assessment_evidence_preserves_retired_schema_field_names) ... ok
test_nested_clock_fields_inside_native_errors_remain_filtered (test_memory_cortex_health.MemoryCortexHealthTests.test_nested_clock_fields_inside_native_errors_remain_filtered) ... ok
test_optional_report_cannot_overwrite_configuration_or_publish_a_log (test_memory_cortex_health.MemoryCortexHealthTests.test_optional_report_cannot_overwrite_configuration_or_publish_a_log) ... ok
test_optional_report_cannot_replace_an_existing_diagnostic_input (test_memory_cortex_health.MemoryCortexHealthTests.test_optional_report_cannot_replace_an_existing_diagnostic_input) ... ok
test_optional_report_in_diagnostic_directory_matches_stdout_and_log (test_memory_cortex_health.MemoryCortexHealthTests.test_optional_report_in_diagnostic_directory_matches_stdout_and_log) ... ok
test_optional_report_redirect_cannot_overwrite_configuration (test_memory_cortex_health.MemoryCortexHealthTests.test_optional_report_redirect_cannot_overwrite_configuration) ... ok
test_other_rpc_operations_keep_the_smaller_byte_limit (test_memory_cortex_health.MemoryCortexHealthTests.test_other_rpc_operations_keep_the_smaller_byte_limit) ... ok
test_oversized_native_health_report_returns_unavailable_without_publication (test_memory_cortex_health.MemoryCortexHealthTests.test_oversized_native_health_report_returns_unavailable_without_publication) ... ok
test_owner_failed_reviewer_remains_critical_and_preserves_current_error (test_memory_cortex_health.MemoryCortexHealthTests.test_owner_failed_reviewer_remains_critical_and_preserves_current_error) ... ok
test_owner_health_report_finishes_under_native_gate_deadline (test_memory_cortex_health.MemoryCortexHealthTests.test_owner_health_report_finishes_under_native_gate_deadline) ... ok
test_owner_health_report_keeps_current_failure_and_native_publication (test_memory_cortex_health.MemoryCortexHealthTests.test_owner_health_report_keeps_current_failure_and_native_publication) ... ok
test_owner_missing_hot_file_remains_an_explicit_critical_finding (test_memory_cortex_health.MemoryCortexHealthTests.test_owner_missing_hot_file_remains_an_explicit_critical_finding) ... ok
test_redirected_health_output_does_not_change_configuration (test_memory_cortex_health.MemoryCortexHealthTests.test_redirected_health_output_does_not_change_configuration) ... ok
test_report_clock_exemption_requires_a_valid_structural_timestamp (test_memory_cortex_health.MemoryCortexHealthTests.test_report_clock_exemption_requires_a_valid_structural_timestamp) ... ok
test_report_filter_refuses_a_serialized_response_above_its_wire_limit (test_memory_cortex_health.MemoryCortexHealthTests.test_report_filter_refuses_a_serialized_response_above_its_wire_limit) ... ok
test_retired_clock_text_in_error_is_still_filtered (test_memory_cortex_health.MemoryCortexHealthTests.test_retired_clock_text_in_error_is_still_filtered) ... ok
test_retired_error_is_excluded_without_losing_critical_status (test_memory_cortex_health.MemoryCortexHealthTests.test_retired_error_is_excluded_without_losing_critical_status) ... ok
test_retired_invalid_entry_field_names_preserve_native_warning (test_memory_cortex_health.MemoryCortexHealthTests.test_retired_invalid_entry_field_names_preserve_native_warning) ... ok
test_retired_marker_field_preserves_native_critical_report_and_publication (test_memory_cortex_health.MemoryCortexHealthTests.test_retired_marker_field_preserves_native_critical_report_and_publication) ... ok
test_retired_operational_clock_does_not_change_reviewer_assessment (test_memory_cortex_health.MemoryCortexHealthTests.test_retired_operational_clock_does_not_change_reviewer_assessment) ... ok
test_retired_state_and_cortex_field_names_preserve_native_report (test_memory_cortex_health.MemoryCortexHealthTests.test_retired_state_and_cortex_field_names_preserve_native_report) ... ok
test_reviewer_directory_redirect_cannot_become_memory_evidence (test_memory_cortex_health.MemoryCortexHealthTests.test_reviewer_directory_redirect_cannot_become_memory_evidence) ... ok
test_reviewer_redirect_cannot_read_configuration (test_memory_cortex_health.MemoryCortexHealthTests.test_reviewer_redirect_cannot_read_configuration) ... ok
test_unmanaged_invalid_clock_retains_native_exception_semantics (test_memory_cortex_health.MemoryCortexHealthTests.test_unmanaged_invalid_clock_retains_native_exception_semantics) ... ok
test_unmanaged_optional_report_keeps_native_destination_behavior (test_memory_cortex_health.MemoryCortexHealthTests.test_unmanaged_optional_report_keeps_native_destination_behavior) ... ok
test_unmanaged_reviewer_retains_native_error (test_memory_cortex_health.MemoryCortexHealthTests.test_unmanaged_reviewer_retains_native_error) ... ok
test_all_four_views_keep_native_missing_field_contracts (test_memory_pulse.MemoryPulseTests.test_all_four_views_keep_native_missing_field_contracts) ... ok
test_cadence_returns_supported_settings_without_extra_configuration_text (test_memory_pulse.MemoryPulseTests.test_cadence_returns_supported_settings_without_extra_configuration_text) ... ok
test_committed_correction_keeps_current_fact_but_filters_retained_copy (test_memory_pulse.MemoryPulseTests.test_committed_correction_keeps_current_fact_but_filters_retained_copy) ... ok
test_configuration_binding_is_rechecked_for_each_snapshot (test_memory_pulse.MemoryPulseTests.test_configuration_binding_is_rechecked_for_each_snapshot) ... ok
test_current_unicode_fact_keeps_native_utf16_character_count (test_memory_pulse.MemoryPulseTests.test_current_unicode_fact_keeps_native_utf16_character_count) ... ok
test_dispatch_redirect_is_refused_before_native_run_enumeration (test_memory_pulse.MemoryPulseTests.test_dispatch_redirect_is_refused_before_native_run_enumeration) ... ok
test_health_evidence_schema_cannot_authorize_double_nested_field (test_memory_pulse.MemoryPulseTests.test_health_evidence_schema_cannot_authorize_double_nested_field) ... ok
test_native_runs_keep_dispatch_counts_and_current_item_labels (test_memory_pulse.MemoryPulseTests.test_native_runs_keep_dispatch_counts_and_current_item_labels) ... ok
test_owner_snapshot_keeps_health_decision_without_retired_error (test_memory_pulse.MemoryPulseTests.test_owner_snapshot_keeps_health_decision_without_retired_error) ... ok
test_owner_snapshot_preserves_current_hot_facts_and_native_defaults (test_memory_pulse.MemoryPulseTests.test_owner_snapshot_preserves_current_hot_facts_and_native_defaults) ... ok
test_proposal_status_schema_cannot_authorize_nested_state_field (test_memory_pulse.MemoryPulseTests.test_proposal_status_schema_cannot_authorize_nested_state_field) ... ok
test_redirected_hot_file_cannot_become_private_configuration (test_memory_pulse.MemoryPulseTests.test_redirected_hot_file_cannot_become_private_configuration) ... ok
test_retired_dynamic_keys_are_omitted_without_changing_fixed_counts (test_memory_pulse.MemoryPulseTests.test_retired_dynamic_keys_are_omitted_without_changing_fixed_counts) ... ok
test_retired_proposal_does_not_remove_native_queue_counts (test_memory_pulse.MemoryPulseTests.test_retired_proposal_does_not_remove_native_queue_counts) ... ok
test_retiring_operational_field_word_keeps_declared_field_only (test_memory_pulse.MemoryPulseTests.test_retiring_operational_field_word_keeps_declared_field_only) ... ok
test_unknown_view_cannot_become_an_arbitrary_file_read (test_memory_pulse.MemoryPulseTests.test_unknown_view_cannot_become_an_arbitrary_file_read) ... ok
test_account_binding_and_principal_are_rechecked_on_same_connection (test_memory_pulse_auth.MemoryPulseAuthTests.test_account_binding_and_principal_are_rechecked_on_same_connection) ... ok
test_anonymous_or_fabricated_identity_never_admits_owner (test_memory_pulse_auth.MemoryPulseAuthTests.test_anonymous_or_fabricated_identity_never_admits_owner) ... ok
test_bad_bearer_does_not_fall_back_to_valid_cookie (test_memory_pulse_auth.MemoryPulseAuthTests.test_bad_bearer_does_not_fall_back_to_valid_cookie) ... ok
test_browser_logout_removes_cookie_authority (test_memory_pulse_auth.MemoryPulseAuthTests.test_browser_logout_removes_cookie_authority) ... ok
test_changed_installation_binding_refuses_private_snapshot (test_memory_pulse_auth.MemoryPulseAuthTests.test_changed_installation_binding_refuses_private_snapshot) ... ok
test_corrupt_registry_returns_sanitized_unavailable_response (test_memory_pulse_auth.MemoryPulseAuthTests.test_corrupt_registry_returns_sanitized_unavailable_response) ... ok
test_disabled_host_gate_does_not_mint_an_owner_scope (test_memory_pulse_auth.MemoryPulseAuthTests.test_disabled_host_gate_does_not_mint_an_owner_scope) ... ok
test_distinct_authenticated_account_without_binding_cannot_read_or_change_memory (test_memory_pulse_auth.MemoryPulseAuthTests.test_distinct_authenticated_account_without_binding_cannot_read_or_change_memory) ... ok
test_every_memory_route_rechecks_revoked_account_binding (test_memory_pulse_auth.MemoryPulseAuthTests.test_every_memory_route_rechecks_revoked_account_binding) ... ok
test_every_memory_route_requires_a_verified_session_when_host_gate_is_disabled (test_memory_pulse_auth.MemoryPulseAuthTests.test_every_memory_route_requires_a_verified_session_when_host_gate_is_disabled) ... ok
test_host_and_framework_denials_always_disable_response_storage (test_memory_pulse_auth.MemoryPulseAuthTests.test_host_and_framework_denials_always_disable_response_storage) ... ok
test_password_login_preserves_all_four_governed_views (test_memory_pulse_auth.MemoryPulseAuthTests.test_password_login_preserves_all_four_governed_views) ... ok
test_private_response_headers_leave_unrelated_routes_unchanged (test_memory_pulse_auth.MemoryPulseAuthTests.test_private_response_headers_leave_unrelated_routes_unchanged) ... ok
test_read_only_routes_ignore_no_caller_scope_or_source_arguments (test_memory_pulse_auth.MemoryPulseAuthTests.test_read_only_routes_ignore_no_caller_scope_or_source_arguments) ... ok
test_revoked_owner_cannot_forget_a_native_fact (test_memory_pulse_auth.MemoryPulseAuthTests.test_revoked_owner_cannot_forget_a_native_fact) ... ok
test_actual_endpoint_and_request_model_cannot_borrow_parent_approval (test_memory_runtime.MemoryRuntimeTests.test_actual_endpoint_and_request_model_cannot_borrow_parent_approval) ... ok
test_applied_identity_proposal_invalidates_retained_context (test_memory_runtime.MemoryRuntimeTests.test_applied_identity_proposal_invalidates_retained_context) ... ok
test_cached_system_prompt_cannot_restore_a_removed_claim_after_refresh (test_memory_runtime.MemoryRuntimeTests.test_cached_system_prompt_cannot_restore_a_removed_claim_after_refresh) ... ok
test_changed_author_cannot_use_a_previous_worker_admission (test_memory_runtime.MemoryRuntimeTests.test_changed_author_cannot_use_a_previous_worker_admission) ... ok
test_compression_checks_structured_tool_results_and_decoded_arguments (test_memory_runtime.MemoryRuntimeTests.test_compression_checks_structured_tool_results_and_decoded_arguments) ... ok
test_compression_refuses_uninspectable_and_deep_generated_inputs (test_memory_runtime.MemoryRuntimeTests.test_compression_refuses_uninspectable_and_deep_generated_inputs) ... ok
test_different_apps_bind_their_authenticated_authors (test_memory_runtime.MemoryRuntimeTests.test_different_apps_bind_their_authenticated_authors) ... ok
test_disable_or_remove_configuration_cannot_release_retained_private_context (test_memory_runtime.MemoryRuntimeTests.test_disable_or_remove_configuration_cannot_release_retained_private_context) ... ok
test_disabled_or_removed_configuration_keeps_retained_lineage_restricted (test_memory_runtime.MemoryRuntimeTests.test_disabled_or_removed_configuration_keeps_retained_lineage_restricted) ... ok
test_forgetting_invalidates_existing_context_across_restart (test_memory_runtime.MemoryRuntimeTests.test_forgetting_invalidates_existing_context_across_restart) ... ok
test_generated_responses_string_rejects_removed_claim_but_user_quote_is_allowed (test_memory_runtime.MemoryRuntimeTests.test_generated_responses_string_rejects_removed_claim_but_user_quote_is_allowed) ... ok
test_inactive_admission_accepts_a_host_without_new_route_metadata (test_memory_runtime.MemoryRuntimeTests.test_inactive_admission_accepts_a_host_without_new_route_metadata) ... ok
test_inactive_configuration_does_not_restrict_existing_memory_setup (test_memory_runtime.MemoryRuntimeTests.test_inactive_configuration_does_not_restrict_existing_memory_setup) ... ok
test_lazy_request_messages_are_rejected_without_consuming_them (test_memory_runtime.MemoryRuntimeTests.test_lazy_request_messages_are_rejected_without_consuming_them) ... ok
test_native_hook_environment_replaces_untrusted_context_and_recursion_flag (test_memory_runtime.MemoryRuntimeTests.test_native_hook_environment_replaces_untrusted_context_and_recursion_flag) ... ok
test_rendered_prompt_changes_invalidate_retained_context_across_restart (test_memory_runtime.MemoryRuntimeTests.test_rendered_prompt_changes_invalidate_retained_context_across_restart) ... ok
test_rendered_prompt_symlinks_are_rejected_before_admission (test_memory_runtime.MemoryRuntimeTests.test_rendered_prompt_symlinks_are_rejected_before_admission) ... ok
test_rendered_soul_cannot_restore_forgotten_native_memory_in_a_fresh_session (test_memory_runtime.MemoryRuntimeTests.test_rendered_soul_cannot_restore_forgotten_native_memory_in_a_fresh_session) ... ok
test_resumed_history_needs_a_recorded_matching_admission (test_memory_runtime.MemoryRuntimeTests.test_resumed_history_needs_a_recorded_matching_admission) ... ok
test_revocation_changes_the_current_grant (test_memory_runtime.MemoryRuntimeTests.test_revocation_changes_the_current_grant) ... ok
test_sdk_extra_body_cannot_override_the_admitted_model (test_memory_runtime.MemoryRuntimeTests.test_sdk_extra_body_cannot_override_the_admitted_model) ... ok
test_separate_hook_process_rebinds_only_a_recorded_current_context (test_memory_runtime.MemoryRuntimeTests.test_separate_hook_process_rebinds_only_a_recorded_current_context) ... ok
test_terminal_platform_comes_from_host_when_gateway_metadata_is_empty (test_memory_runtime.MemoryRuntimeTests.test_terminal_platform_comes_from_host_when_gateway_metadata_is_empty) ... ok
test_unknown_host_route_cannot_be_approved_as_private (test_memory_runtime.MemoryRuntimeTests.test_unknown_host_route_cannot_be_approved_as_private) ... ok
test_unknown_shared_author_and_schedule_are_blocked_before_hooks (test_memory_runtime.MemoryRuntimeTests.test_unknown_shared_author_and_schedule_are_blocked_before_hooks) ... ok
test_concurrent_enrollment_preserves_both_grants_and_keys (test_memory_sharing.MemorySharingTests.test_concurrent_enrollment_preserves_both_grants_and_keys) ... ok
test_failed_publication_disables_its_own_grant (test_memory_sharing.MemorySharingTests.test_failed_publication_disables_its_own_grant) ... ok
test_failed_publication_does_not_disable_a_replacement_grant (test_memory_sharing.MemorySharingTests.test_failed_publication_does_not_disable_a_replacement_grant) ... ok
test_id_key_permissions_and_command_injection_are_rejected (test_memory_sharing.MemorySharingTests.test_id_key_permissions_and_command_injection_are_rejected) ... ok
test_keys_file_symlink_does_not_receive_an_enrollment (test_memory_sharing.MemorySharingTests.test_keys_file_symlink_does_not_receive_an_enrollment) ... ok
test_new_key_binds_fixed_client_and_starts_project_read_only (test_memory_sharing.MemorySharingTests.test_new_key_binds_fixed_client_and_starts_project_read_only) ... ok
test_revoke_denies_an_open_service_and_preserves_other_keys (test_memory_sharing.MemorySharingTests.test_revoke_denies_an_open_service_and_preserves_other_keys) ... ok
test_revoke_preserves_an_unrelated_key_with_the_same_comment (test_memory_sharing.MemorySharingTests.test_revoke_preserves_an_unrelated_key_with_the_same_comment) ... ok
test_actual_thread_and_author_change_the_context_instead_of_reusing_the_parent_grant (test_memory_context.MemoryContextTests.test_actual_thread_and_author_change_the_context_instead_of_reusing_the_parent_grant) ... ok
test_display_names_and_unknown_audiences_cannot_authorize_private_memory (test_memory_context.MemoryContextTests.test_display_names_and_unknown_audiences_cannot_authorize_private_memory) ... ok
test_private_conversations_have_the_same_policy_on_different_apps (test_memory_context.MemoryContextTests.test_private_conversations_have_the_same_policy_on_different_apps) ... ok
test_route_identity_changes_when_a_model_moves_to_another_endpoint (test_memory_context.MemoryContextTests.test_route_identity_changes_when_a_model_moves_to_another_endpoint) ... ok
test_schedule_binds_its_delivery_destination_and_does_not_assume_a_private_author (test_memory_context.MemoryContextTests.test_schedule_binds_its_delivery_destination_and_does_not_assume_a_private_author) ... ok
test_adoption_does_not_reactivate_forgotten_native_sections (test_memory_adoption.MemoryAdoptionTests.test_adoption_does_not_reactivate_forgotten_native_sections) ... ok
test_adoption_keeps_native_files_and_truthful_unknown_provenance (test_memory_adoption.MemoryAdoptionTests.test_adoption_keeps_native_files_and_truthful_unknown_provenance) ... ok
test_discovery_does_not_drop_learning_notes_after_hot_limit (test_memory_adoption.MemoryAdoptionTests.test_discovery_does_not_drop_learning_notes_after_hot_limit) ... ok
test_hot_quotation_of_forgotten_claim_is_not_adopted (test_memory_adoption.MemoryAdoptionTests.test_hot_quotation_of_forgotten_claim_is_not_adopted) ... ok
test_learning_body_reference_excludes_frontmatter_and_preserves_spaces (test_memory_adoption.MemoryAdoptionTests.test_learning_body_reference_excludes_frontmatter_and_preserves_spaces) ... ok
test_learning_correction_recovers_new_destination_after_process_interruption (test_memory_adoption.MemoryAdoptionTests.test_learning_correction_recovers_new_destination_after_process_interruption) ... ok
test_learning_notes_remain_historical_and_can_be_corrected (test_memory_adoption.MemoryAdoptionTests.test_learning_notes_remain_historical_and_can_be_corrected) ... ok
test_malformed_hot_markers_are_reported_without_exposing_entries (test_memory_adoption.MemoryAdoptionTests.test_malformed_hot_markers_are_reported_without_exposing_entries) ... ok
test_native_appended_sections_have_distinct_stable_references (test_memory_adoption.MemoryAdoptionTests.test_native_appended_sections_have_distinct_stable_references) ... ok
test_pending_native_proposal_adoption_preserves_approval_checks (test_memory_adoption.MemoryAdoptionTests.test_pending_native_proposal_adoption_preserves_approval_checks) ... ok
test_private_markup_and_invalid_native_notes_are_excluded_from_preview (test_memory_adoption.MemoryAdoptionTests.test_private_markup_and_invalid_native_notes_are_excluded_from_preview) ... ok
test_restricted_reader_cannot_adopt_or_preview_owner_sources (test_memory_adoption.MemoryAdoptionTests.test_restricted_reader_cannot_adopt_or_preview_owner_sources) ... ok
test_source_mtime_changes_cannot_adopt_unpreviewed_learning (test_memory_adoption.MemoryAdoptionTests.test_source_mtime_changes_cannot_adopt_unpreviewed_learning) ... ok
test_stale_preview_never_indexes_changed_native_content (test_memory_adoption.MemoryAdoptionTests.test_stale_preview_never_indexes_changed_native_content) ... ok
test_unknown_native_project_assignment_is_private_until_owner_classifies_it (test_memory_adoption.MemoryAdoptionTests.test_unknown_native_project_assignment_is_private_until_owner_classifies_it) ... ok
test_wrapped_forgotten_claim_cannot_return_through_archive_adoption (test_memory_adoption.MemoryAdoptionTests.test_wrapped_forgotten_claim_cannot_return_through_archive_adoption) ... ok
test_configuration_for_another_installation_is_refused (test_memory_preferences.MemoryPreferencesTests.test_configuration_for_another_installation_is_refused) ... ok
test_configuration_mutations_recheck_owner_after_initial_authorization (test_memory_preferences.MemoryPreferencesTests.test_configuration_mutations_recheck_owner_after_initial_authorization) ... ok
test_enrollment_and_revocation_recheck_installation_inside_configuration_update (test_memory_preferences.MemoryPreferencesTests.test_enrollment_and_revocation_recheck_installation_inside_configuration_update) ... ok
test_health_reports_native_recall_without_enabling_ownership (test_memory_preferences.MemoryPreferencesTests.test_health_reports_native_recall_without_enabling_ownership) ... ok
test_missing_configuration_and_partial_setup_are_not_reported_active (test_memory_preferences.MemoryPreferencesTests.test_missing_configuration_and_partial_setup_are_not_reported_active) ... ok
test_owner_can_review_and_decide_pending_native_proposals (test_memory_preferences.MemoryPreferencesTests.test_owner_can_review_and_decide_pending_native_proposals) ... ok
test_owner_previews_and_adopts_native_sources_without_enabling_ownership (test_memory_preferences.MemoryPreferencesTests.test_owner_previews_and_adopts_native_sources_without_enabling_ownership) ... ok
test_owner_review_uses_current_native_records_and_strict_tool_arguments (test_memory_preferences.MemoryPreferencesTests.test_owner_review_uses_current_native_records_and_strict_tool_arguments) ... ok
test_sharing_disable_revokes_services_without_deleting_grants_or_facts (test_memory_preferences.MemoryPreferencesTests.test_sharing_disable_revokes_services_without_deleting_grants_or_facts) ... ok
test_native_proposal_decisions_through_http (test_memory_dashboard.MemoryDashboardTests.test_native_proposal_decisions_through_http) ... ok
test_native_review_and_sharing_through_http (test_memory_dashboard.MemoryDashboardTests.test_native_review_and_sharing_through_http) ... ok
test_owner_source_adoption_through_http (test_memory_dashboard.MemoryDashboardTests.test_owner_source_adoption_through_http) ... ok
test_denied_correct_and_forget_do_not_read_category_or_project_sources (test_memory_authorization.MemoryAuthorizationTests.test_denied_correct_and_forget_do_not_read_category_or_project_sources) ... ok
test_stale_correct_and_forget_do_not_read_sources_before_refusal (test_memory_authorization.MemoryAuthorizationTests.test_stale_correct_and_forget_do_not_read_sources_before_refusal) ... ok

----------------------------------------------------------------------
Ran 215 tests in 204.223s

OK
