test_denied_correct_and_forget_do_not_read_category_or_project_sources (test_memory_authorization.MemoryAuthorizationTests.test_denied_correct_and_forget_do_not_read_category_or_project_sources) ... ok
test_stale_correct_and_forget_do_not_read_sources_before_refusal (test_memory_authorization.MemoryAuthorizationTests.test_stale_correct_and_forget_do_not_read_sources_before_refusal) ... ok
test_changed_section_cannot_keep_an_obsolete_prefix_active (test_memory_native.NativeMemoryTests.test_changed_section_cannot_keep_an_obsolete_prefix_active) ... ok
test_changed_section_cannot_resolve_to_retained_quotations (test_memory_native.NativeMemoryTests.test_changed_section_cannot_resolve_to_retained_quotations) ... ok
test_concurrent_native_writes_do_not_lose_acknowledged_facts (test_memory_native.NativeMemoryTests.test_concurrent_native_writes_do_not_lose_acknowledged_facts) ... ok
test_conflict_retry_reports_the_same_outcome (test_memory_native.NativeMemoryTests.test_conflict_retry_reports_the_same_outcome) ... ok
test_correct_and_forget_exclude_retained_claims (test_memory_native.NativeMemoryTests.test_correct_and_forget_exclude_retained_claims) ... ok
test_correction_cannot_reactivate_forgotten_text (test_memory_native.NativeMemoryTests.test_correction_cannot_reactivate_forgotten_text) ... ok
test_correction_to_existing_hot_fact_keeps_one_reference (test_memory_native.NativeMemoryTests.test_correction_to_existing_hot_fact_keeps_one_reference) ... ok
test_crash_before_journal_cannot_leave_an_unknown_reservation (test_memory_native.NativeMemoryTests.test_crash_before_journal_cannot_leave_an_unknown_reservation) ... ok
test_hot_correction_validates_before_mutation (test_memory_native.NativeMemoryTests.test_hot_correction_validates_before_mutation) ... ok
test_hot_project_metadata_cannot_create_aliases (test_memory_native.NativeMemoryTests.test_hot_project_metadata_cannot_create_aliases) ... ok
test_interrupted_native_publication_recovers_before_retry (test_memory_native.NativeMemoryTests.test_interrupted_native_publication_recovers_before_retry) ... ok
test_invalid_hot_entry_is_not_reported_saved (test_memory_native.NativeMemoryTests.test_invalid_hot_entry_is_not_reported_saved) ... ok
test_native_child_holds_recovery_lock_after_parent_dies (test_memory_native.NativeMemoryTests.test_native_child_holds_recovery_lock_after_parent_dies) ... ok
test_native_ranking_uses_only_the_authorized_corpus (test_memory_native.NativeMemoryTests.test_native_ranking_uses_only_the_authorized_corpus) ... ok
test_native_write_and_recall_share_the_authoritative_record (test_memory_native.NativeMemoryTests.test_native_write_and_recall_share_the_authoritative_record) ... ok
test_private_title_is_rejected_before_native_routing (test_memory_native.NativeMemoryTests.test_private_title_is_rejected_before_native_routing) ... ok
test_reader_cannot_write_and_project_grant_excludes_hot_memory (test_memory_native.NativeMemoryTests.test_reader_cannot_write_and_project_grant_excludes_hot_memory) ... ok
test_reference_binds_body_when_title_contains_the_same_text (test_memory_native.NativeMemoryTests.test_reference_binds_body_when_title_contains_the_same_text) ... ok
test_rejected_physical_user_boundary_is_explicit (test_memory_native.NativeMemoryTests.test_rejected_physical_user_boundary_is_explicit) ... ok
test_reordered_hot_entries_keep_their_saved_reference (test_memory_native.NativeMemoryTests.test_reordered_hot_entries_keep_their_saved_reference) ... ok
test_retry_is_idempotent_and_changed_request_is_rejected (test_memory_native.NativeMemoryTests.test_retry_is_idempotent_and_changed_request_is_rejected) ... ok
test_user_heading_does_not_act_as_a_native_append_boundary (test_memory_native.NativeMemoryTests.test_user_heading_does_not_act_as_a_native_append_boundary) ... ok
test_auto_application_requires_its_own_grant_and_native_threshold (test_memory_proposals.MemoryProposalTests.test_auto_application_requires_its_own_grant_and_native_threshold) ... ok
test_client_creation_and_owner_approval_have_separate_grants (test_memory_proposals.MemoryProposalTests.test_client_creation_and_owner_approval_have_separate_grants) ... ok
test_creator_cannot_approve_and_stale_target_does_not_overwrite (test_memory_proposals.MemoryProposalTests.test_creator_cannot_approve_and_stale_target_does_not_overwrite) ... ok
test_dangling_upgrade_state_symlink_does_not_publish_outside_user_data (test_memory_proposals.MemoryProposalTests.test_dangling_upgrade_state_symlink_does_not_publish_outside_user_data) ... ok
test_decision_receipts_do_not_duplicate_native_proposal_text (test_memory_proposals.MemoryProposalTests.test_decision_receipts_do_not_duplicate_native_proposal_text) ... ok
test_distinct_diverted_claims_never_replace_an_acknowledged_record (test_memory_proposals.MemoryProposalTests.test_distinct_diverted_claims_never_replace_an_acknowledged_record) ... ok
test_edit_and_applied_elsewhere_use_native_decisions (test_memory_proposals.MemoryProposalTests.test_edit_and_applied_elsewhere_use_native_decisions) ... ok
test_enqueue_reports_pending_not_committed_and_has_native_reference (test_memory_proposals.MemoryProposalTests.test_enqueue_reports_pending_not_committed_and_has_native_reference) ... ok
test_fact_write_grant_does_not_grant_proposal_creation (test_memory_proposals.MemoryProposalTests.test_fact_write_grant_does_not_grant_proposal_creation) ... ok
test_interrupted_diversion_removes_uncommitted_files_and_can_retry (test_memory_proposals.MemoryProposalTests.test_interrupted_diversion_removes_uncommitted_files_and_can_retry) ... ok
test_invalid_and_private_proposal_text_is_not_enqueued (test_memory_proposals.MemoryProposalTests.test_invalid_and_private_proposal_text_is_not_enqueued) ... ok
test_native_accept_and_reject_keep_the_queue_state_truthful (test_memory_proposals.MemoryProposalTests.test_native_accept_and_reject_keep_the_queue_state_truthful) ... ok
test_native_project_diversion_is_not_reported_as_queued (test_memory_proposals.MemoryProposalTests.test_native_project_diversion_is_not_reported_as_queued) ... ok
test_proposal_review_requires_an_explicit_permission (test_memory_proposals.MemoryProposalTests.test_proposal_review_requires_an_explicit_permission) ... ok
test_proposals_cannot_recreate_a_forgotten_fact (test_memory_proposals.MemoryProposalTests.test_proposals_cannot_recreate_a_forgotten_fact) ... ok
test_resolution_notes_use_native_text_validation (test_memory_proposals.MemoryProposalTests.test_resolution_notes_use_native_text_validation) ... ok

----------------------------------------------------------------------
Ran 40 tests in 25.041s

OK
