test_catalog_result_reaches_hook_and_context_returns_to_caller (test_host_catalog_hooks.HostCatalogHookTests.test_catalog_result_reaches_hook_and_context_returns_to_caller) ... ok
test_incomplete_inventory_cannot_pass_completion_gate (test_hook_evidence.HookEvidenceTests.test_incomplete_inventory_cannot_pass_completion_gate) ... ok
test_lifecycle_assertions_reject_equal_but_invalid_retained_outcomes (test_hook_evidence.HookEvidenceTests.test_lifecycle_assertions_reject_equal_but_invalid_retained_outcomes) ... ok
test_lifecycle_case_must_cover_the_registration_and_match_ledger_outcomes (test_hook_evidence.HookEvidenceTests.test_lifecycle_case_must_cover_the_registration_and_match_ledger_outcomes) ... ok
test_paired_effect_claim_requires_equal_recorded_sides (test_hook_evidence.HookEvidenceTests.test_paired_effect_claim_requires_equal_recorded_sides) ... ok
test_partial_case_cannot_be_presented_as_complete_handler_evidence (test_hook_evidence.HookEvidenceTests.test_partial_case_cannot_be_presented_as_complete_handler_evidence) ... ok
test_cleanup_requires_unrelated_session_and_work_completion (test_paired_lifecycle_effects.PairedLifecycleEffectTests.test_cleanup_requires_unrelated_session_and_work_completion) ... ok
test_matching_no_repair_does_not_verify_healer (test_paired_lifecycle_effects.PairedLifecycleEffectTests.test_matching_no_repair_does_not_verify_healer) ... ok
test_matching_state_does_not_hide_a_model_generation_request (test_paired_lifecycle_effects.PairedLifecycleEffectTests.test_matching_state_does_not_hide_a_model_generation_request) ... ok
test_matching_state_requires_a_successful_cli_exit (test_paired_lifecycle_effects.PairedLifecycleEffectTests.test_matching_state_requires_a_successful_cli_exit) ... ok
test_matching_state_requires_the_expected_event_and_complete_hook_count (test_paired_lifecycle_effects.PairedLifecycleEffectTests.test_matching_state_requires_the_expected_event_and_complete_hook_count) ... ok
test_pair_rejects_unequal_state_or_failed_hook (test_paired_lifecycle_effects.PairedLifecycleEffectTests.test_pair_rejects_unequal_state_or_failed_hook) ... ok
test_settings_case_requires_snapshot_and_preserved_direct_edit (test_paired_lifecycle_effects.PairedLifecycleEffectTests.test_settings_case_requires_snapshot_and_preserved_direct_edit) ... ok
test_existing_symlink_is_not_replaced (test_prepare_sources.PrepareSourcesTests.test_existing_symlink_is_not_replaced) ... ok
test_incompatible_input_leaves_no_output (test_prepare_sources.PrepareSourcesTests.test_incompatible_input_leaves_no_output) ... ok
test_real_sources_receive_every_patch_in_order (test_prepare_sources.PrepareSourcesTests.test_real_sources_receive_every_patch_in_order) ... ok
test_source_branch_name_does_not_prevent_a_fresh_preparation (test_prepare_sources.PrepareSourcesTests.test_source_branch_name_does_not_prevent_a_fresh_preparation) ... ok
test_capability_requires_record_and_exact_native_bytes (test_footprint_contracts.FootprintContractsTests.test_capability_requires_record_and_exact_native_bytes) ... ok
test_changed_native_installation_blocks_task_creation (test_footprint_contracts.FootprintContractsTests.test_changed_native_installation_blocks_task_creation) ... ok
test_commands_register_before_lifeos_is_installed (test_footprint_contracts.FootprintContractsTests.test_commands_register_before_lifeos_is_installed) ... ok
test_identical_top_routes_choose_fable_and_unknown_effort_stays_unknown (test_footprint_contracts.FootprintContractsTests.test_identical_top_routes_choose_fable_and_unknown_effort_stays_unknown) ... ok
test_observation_binds_provider_model_and_effort (test_footprint_contracts.FootprintContractsTests.test_observation_binds_provider_model_and_effort) ... ok
test_observation_skips_sidechains_and_reclassifies_after_configuration_changes (test_footprint_contracts.FootprintContractsTests.test_observation_skips_sidechains_and_reclassifies_after_configuration_changes) ... ok
test_project_native_task_registration_requires_verified_capability (test_footprint_contracts.FootprintContractsTests.test_project_native_task_registration_requires_verified_capability) ... ok

----------------------------------------------------------------------
Ran 24 tests in 16.058s

OK
