{
  "ok": false,
  "runId": "2026-10-07T05-16-25-838Z",
  "transcript": "/home/lifeos-plugin-install-probe/workspace/paired-step1-20261006/native-inference-pinned-memory-review/synthetic-transcript.jsonl",
  "exchanges": 1,
  "inference_duration_ms": 9616,
  "parse_ok": true,
  "dispatch_summary": {
    "total": 2,
    "by_type": {
      "memory": 1,
      "proposal": 1
    },
    "succeeded": 2,
    "failed": 0,
    "failures": [],
    "skipped_guard": 0,
    "skips": [],
    "proposals_auto_applied": 0,
    "proposals_auto_apply_failed": 1
  },
  "error": "auto-apply failed for 1 proposal(s)"
}
